2026-08-10 12:04:25 [INFO] com.techpalle.Application - Starting Application using Java 21.0.8 with PID 12668 (R:\Workspace_Project\project_Task\01-EnterpriseIdentityAccessManagement\target\classes started by rahul in R:\Workspace_Project\project_Task\01-EnterpriseIdentityAccessManagement)
2026-08-10 12:04:25 [DEBUG] com.techpalle.Application - Running with Spring Boot v3.5.16, Spring v6.2.19
2026-08-10 12:04:25 [INFO] com.techpalle.Application - No active profile set, falling back to 1 default profile: "default"
2026-08-10 12:04:25 [INFO] o.s.b.d.e.DevToolsPropertyDefaultsPostProcessor - Devtools property defaults active! Set 'spring.devtools.add-properties' to 'false' to disable
2026-08-10 12:04:25 [INFO] o.s.b.d.e.DevToolsPropertyDefaultsPostProcessor - For additional web related logging consider setting the 'logging.level.web' property to 'DEBUG'
2026-08-10 12:04:29 [INFO] o.s.d.r.c.RepositoryConfigurationDelegate - Bootstrapping Spring Data JPA repositories in DEFAULT mode.
2026-08-10 12:04:29 [INFO] o.s.d.r.c.RepositoryConfigurationDelegate - Finished Spring Data repository scanning in 73 ms. Found 7 JPA repository interfaces.
2026-08-10 12:04:29 [INFO] o.s.b.w.e.tomcat.TomcatWebServer - Tomcat initialized with port 9090 (http)
2026-08-10 12:04:29 [INFO] o.a.catalina.core.StandardService - Starting service [Tomcat]
2026-08-10 12:04:29 [INFO] o.a.catalina.core.StandardEngine - Starting Servlet engine: [Apache Tomcat/10.1.55]
2026-08-10 12:04:29 [INFO] o.a.c.c.C.[Tomcat].[localhost].[/] - Initializing Spring embedded WebApplicationContext
2026-08-10 12:04:29 [INFO] o.s.b.w.s.c.ServletWebServerApplicationContext - Root WebApplicationContext: initialization completed in 4313 ms
2026-08-10 12:04:30 [INFO] com.zaxxer.hikari.HikariDataSource - HikariPool-1 - Starting...
2026-08-10 12:04:30 [INFO] com.zaxxer.hikari.pool.HikariPool - HikariPool-1 - Added connection org.postgresql.jdbc.PgConnection@1d3869c4
2026-08-10 12:04:30 [INFO] com.zaxxer.hikari.HikariDataSource - HikariPool-1 - Start completed.
2026-08-10 12:04:30 [INFO] org.flywaydb.core.FlywayExecutor - Database: jdbc:postgresql://localhost:5432/EnterpriseIdentityAccessManagement (PostgreSQL 18.4)
2026-08-10 12:04:30 [WARN] o.f.c.i.database.base.Database - Flyway upgrade recommended: PostgreSQL 18.4 is newer than this version of Flyway and support has not been tested. The latest supported version of PostgreSQL is 17.
2026-08-10 12:04:30 [INFO] o.f.core.internal.command.DbValidate - Successfully validated 0 migrations (execution time 00:00.040s)
2026-08-10 12:04:30 [WARN] o.f.core.internal.command.DbValidate - No migrations found. Are your locations set up correctly?
2026-08-10 12:04:30 [INFO] o.f.core.internal.command.DbMigrate - Current version of schema "public": << Empty Schema >>
2026-08-10 12:04:30 [INFO] o.f.core.internal.command.DbMigrate - Schema "public" is up to date. No migration necessary.
2026-08-10 12:04:30 [INFO] o.h.jpa.internal.util.LogHelper - HHH000204: Processing PersistenceUnitInfo [name: default]
2026-08-10 12:04:30 [INFO] org.hibernate.Version - HHH000412: Hibernate ORM core version 6.6.53.Final
2026-08-10 12:04:30 [INFO] o.h.c.i.RegionFactoryInitiator - HHH000026: Second-level cache disabled
2026-08-10 12:04:31 [INFO] o.s.o.j.p.SpringPersistenceUnitInfo - No LoadTimeWeaver setup: ignoring JPA class transformer
2026-08-10 12:04:31 [INFO] o.hibernate.orm.connections.pooling - HHH10001005: Database info:
	Database JDBC URL [Connecting through datasource 'HikariDataSource (HikariPool-1)']
	Database driver: undefined/unknown
	Database version: 18.4
	Autocommit mode: undefined/unknown
	Isolation level: undefined/unknown
	Minimum pool size: undefined/unknown
	Maximum pool size: undefined/unknown
2026-08-10 12:04:32 [INFO] o.h.e.t.j.p.i.JtaPlatformInitiator - HHH000489: No JTA platform available (set 'hibernate.transaction.jta.platform' to enable JTA platform integration)
2026-08-10 12:04:32 [INFO] o.s.o.j.LocalContainerEntityManagerFactoryBean - Initialized JPA EntityManagerFactory for persistence unit 'default'
2026-08-10 12:04:33 [DEBUG] c.t.security.JwtAuthenticationFilter - Filter 'jwtAuthenticationFilter' configured for use
2026-08-10 12:04:33 [INFO] o.s.s.c.a.a.c.InitializeUserDetailsBeanManagerConfigurer$InitializeUserDetailsManagerConfigurer - Global AuthenticationManager configured with UserDetailsService bean with name customUserDetailsService
2026-08-10 12:04:33 [WARN] o.s.b.a.o.j.JpaBaseConfiguration$JpaWebConfiguration - spring.jpa.open-in-view is enabled by default. Therefore, database queries may be performed during view rendering. Explicitly configure spring.jpa.open-in-view to disable this warning
2026-08-10 12:04:33 [INFO] o.s.b.d.a.OptionalLiveReloadServer - LiveReload server is running on port 35729
2026-08-10 12:04:33 [INFO] o.s.b.w.e.tomcat.TomcatWebServer - Tomcat started on port 9090 (http) with context path '/'
2026-08-10 12:04:33 [INFO] com.techpalle.Application - Started Application in 8.731 seconds (process running for 20.817)
2026-08-10 12:09:19 [INFO] o.a.c.c.C.[Tomcat].[localhost].[/] - Initializing Spring DispatcherServlet 'dispatcherServlet'
2026-08-10 12:09:19 [INFO] o.s.web.servlet.DispatcherServlet - Initializing Servlet 'dispatcherServlet'
2026-08-10 12:09:19 [INFO] o.s.web.servlet.DispatcherServlet - Completed initialization in 4 ms
2026-08-10 12:12:41 [INFO] c.t.controller.AuthController - Received registration request for username: rahul
2026-08-10 12:12:41 [INFO] c.t.serviceimpl.AuthServiceImpl - Processing registration request for username: rahul
2026-08-10 12:12:41 [DEBUG] org.hibernate.SQL - 
    select
        u1_0.id 
    from
        users u1_0 
    where
        u1_0.username=? 
    fetch
        first ? rows only
2026-08-10 12:12:41 [WARN] o.s.w.s.m.m.a.ExceptionHandlerExceptionResolver - Resolved [com.techpalle.exception.DuplicateResourceException: Username already exists]
2026-08-10 12:34:24 [INFO] c.t.controller.AuthController - Received registration request for username: suman
2026-08-10 12:34:24 [INFO] c.t.serviceimpl.AuthServiceImpl - Processing registration request for username: suman
2026-08-10 12:34:24 [DEBUG] org.hibernate.SQL - 
    select
        u1_0.id 
    from
        users u1_0 
    where
        u1_0.username=? 
    fetch
        first ? rows only
2026-08-10 12:34:24 [DEBUG] org.hibernate.SQL - 
    select
        u1_0.id 
    from
        users u1_0 
    where
        u1_0.email=? 
    fetch
        first ? rows only
2026-08-10 12:34:25 [DEBUG] org.hibernate.SQL - 
    insert 
    into
        users
        (created_at, email, first_name, is_active, last_login_time, last_name, password, phone_number, updated_at, username) 
    values
        (?, ?, ?, ?, ?, ?, ?, ?, ?, ?)
2026-08-10 12:34:25 [INFO] c.t.serviceimpl.AuditLogServiceImpl - Creating audit log - Action: REGISTER, Entity: USER, EntityId: 2, Status: SUCCESS
2026-08-10 12:34:25 [DEBUG] org.hibernate.SQL - 
    insert 
    into
        audit_logs
        (action_type, audit_timestamp, entity_id, entity_type, ip_address, new_value, old_value, status, user_id, user_agent) 
    values
        (?, ?, ?, ?, ?, ?, ?, ?, ?, ?)
2026-08-10 12:34:25 [INFO] c.t.serviceimpl.AuditLogServiceImpl - Audit log saved successfully - Action: REGISTER, EntityId: 2
2026-08-10 12:34:25 [INFO] c.t.serviceimpl.AuthServiceImpl - User registered successfully with id: 2
2026-08-10 12:41:08 [INFO] o.s.b.a.SpringApplicationAdminMXBeanRegistrar$SpringApplicationAdmin - Application shutdown requested.
2026-08-10 12:41:08 [INFO] o.s.b.w.e.tomcat.GracefulShutdown - Commencing graceful shutdown. Waiting for active requests to complete
2026-08-10 12:41:08 [INFO] o.s.b.w.e.tomcat.GracefulShutdown - Graceful shutdown complete
2026-08-10 12:41:08 [INFO] o.s.o.j.LocalContainerEntityManagerFactoryBean - Closing JPA EntityManagerFactory for persistence unit 'default'
2026-08-10 12:41:08 [INFO] com.zaxxer.hikari.HikariDataSource - HikariPool-1 - Shutdown initiated...
2026-08-10 12:41:08 [INFO] com.zaxxer.hikari.HikariDataSource - HikariPool-1 - Shutdown completed.
2026-08-10 12:50:58 [INFO] com.techpalle.Application - Starting Application using Java 21.0.8 with PID 33192 (R:\Workspace_Project\project_Task\01-EnterpriseIdentityAccessManagement\target\classes started by rahul in R:\Workspace_Project\project_Task\01-EnterpriseIdentityAccessManagement)
2026-08-10 12:50:58 [DEBUG] com.techpalle.Application - Running with Spring Boot v3.5.16, Spring v6.2.19
2026-08-10 12:50:58 [INFO] com.techpalle.Application - No active profile set, falling back to 1 default profile: "default"
2026-08-10 12:50:58 [INFO] o.s.b.d.e.DevToolsPropertyDefaultsPostProcessor - Devtools property defaults active! Set 'spring.devtools.add-properties' to 'false' to disable
2026-08-10 12:50:58 [INFO] o.s.b.d.e.DevToolsPropertyDefaultsPostProcessor - For additional web related logging consider setting the 'logging.level.web' property to 'DEBUG'
2026-08-10 12:50:58 [INFO] o.s.d.r.c.RepositoryConfigurationDelegate - Bootstrapping Spring Data JPA repositories in DEFAULT mode.
2026-08-10 12:50:59 [INFO] o.s.d.r.c.RepositoryConfigurationDelegate - Finished Spring Data repository scanning in 58 ms. Found 7 JPA repository interfaces.
2026-08-10 12:50:59 [INFO] o.s.b.w.e.tomcat.TomcatWebServer - Tomcat initialized with port 9090 (http)
2026-08-10 12:50:59 [INFO] o.a.catalina.core.StandardService - Starting service [Tomcat]
2026-08-10 12:50:59 [INFO] o.a.catalina.core.StandardEngine - Starting Servlet engine: [Apache Tomcat/10.1.55]
2026-08-10 12:50:59 [INFO] o.a.c.c.C.[Tomcat].[localhost].[/] - Initializing Spring embedded WebApplicationContext
2026-08-10 12:50:59 [INFO] o.s.b.w.s.c.ServletWebServerApplicationContext - Root WebApplicationContext: initialization completed in 1384 ms
2026-08-10 12:50:59 [INFO] com.zaxxer.hikari.HikariDataSource - HikariPool-1 - Starting...
2026-08-10 12:50:59 [INFO] com.zaxxer.hikari.pool.HikariPool - HikariPool-1 - Added connection org.postgresql.jdbc.PgConnection@1901d8a4
2026-08-10 12:51:00 [INFO] com.zaxxer.hikari.HikariDataSource - HikariPool-1 - Start completed.
2026-08-10 12:51:00 [INFO] org.flywaydb.core.FlywayExecutor - Database: jdbc:postgresql://localhost:5432/EnterpriseIdentityAccessManagement (PostgreSQL 18.4)
2026-08-10 12:51:00 [WARN] o.f.c.i.database.base.Database - Flyway upgrade recommended: PostgreSQL 18.4 is newer than this version of Flyway and support has not been tested. The latest supported version of PostgreSQL is 17.
2026-08-10 12:51:00 [INFO] o.f.core.internal.command.DbValidate - Successfully validated 0 migrations (execution time 00:00.018s)
2026-08-10 12:51:00 [WARN] o.f.core.internal.command.DbValidate - No migrations found. Are your locations set up correctly?
2026-08-10 12:51:00 [INFO] o.f.core.internal.command.DbMigrate - Current version of schema "public": << Empty Schema >>
2026-08-10 12:51:00 [INFO] o.f.core.internal.command.DbMigrate - Schema "public" is up to date. No migration necessary.
2026-08-10 12:51:00 [INFO] o.h.jpa.internal.util.LogHelper - HHH000204: Processing PersistenceUnitInfo [name: default]
2026-08-10 12:51:00 [INFO] org.hibernate.Version - HHH000412: Hibernate ORM core version 6.6.53.Final
2026-08-10 12:51:00 [INFO] o.h.c.i.RegionFactoryInitiator - HHH000026: Second-level cache disabled
2026-08-10 12:51:00 [INFO] o.s.o.j.p.SpringPersistenceUnitInfo - No LoadTimeWeaver setup: ignoring JPA class transformer
2026-08-10 12:51:00 [INFO] o.hibernate.orm.connections.pooling - HHH10001005: Database info:
	Database JDBC URL [Connecting through datasource 'HikariDataSource (HikariPool-1)']
	Database driver: undefined/unknown
	Database version: 18.4
	Autocommit mode: undefined/unknown
	Isolation level: undefined/unknown
	Minimum pool size: undefined/unknown
	Maximum pool size: undefined/unknown
2026-08-10 12:51:01 [INFO] o.h.e.t.j.p.i.JtaPlatformInitiator - HHH000489: No JTA platform available (set 'hibernate.transaction.jta.platform' to enable JTA platform integration)
2026-08-10 12:51:01 [INFO] o.s.o.j.LocalContainerEntityManagerFactoryBean - Initialized JPA EntityManagerFactory for persistence unit 'default'
2026-08-10 12:51:01 [DEBUG] c.t.security.JwtAuthenticationFilter - Filter 'jwtAuthenticationFilter' configured for use
2026-08-10 12:51:01 [INFO] o.s.s.c.a.a.c.InitializeUserDetailsBeanManagerConfigurer$InitializeUserDetailsManagerConfigurer - Global AuthenticationManager configured with UserDetailsService bean with name customUserDetailsService
2026-08-10 12:51:02 [WARN] o.s.b.a.o.j.JpaBaseConfiguration$JpaWebConfiguration - spring.jpa.open-in-view is enabled by default. Therefore, database queries may be performed during view rendering. Explicitly configure spring.jpa.open-in-view to disable this warning
2026-08-10 12:51:02 [INFO] o.s.b.d.a.OptionalLiveReloadServer - LiveReload server is running on port 35729
2026-08-10 12:51:02 [INFO] o.s.b.w.e.tomcat.TomcatWebServer - Tomcat started on port 9090 (http) with context path '/'
2026-08-10 12:51:02 [INFO] com.techpalle.Application - Started Application in 4.866 seconds (process running for 5.699)
2026-08-10 12:53:54 [INFO] o.a.c.c.C.[Tomcat].[localhost].[/] - Initializing Spring DispatcherServlet 'dispatcherServlet'
2026-08-10 12:53:54 [INFO] o.s.web.servlet.DispatcherServlet - Initializing Servlet 'dispatcherServlet'
2026-08-10 12:53:54 [INFO] o.s.web.servlet.DispatcherServlet - Completed initialization in 1 ms
2026-08-10 12:53:54 [INFO] c.t.controller.AuthController - Received registration request for username: Naresh
2026-08-10 12:53:55 [DEBUG] org.hibernate.SQL - 
    insert 
    into
        users
        (created_at, email, first_name, is_active, last_login_time, last_name, password, phone_number, updated_at, username) 
    values
        (?, ?, ?, ?, ?, ?, ?, ?, ?, ?)
2026-08-10 13:13:09 [INFO] o.s.b.d.a.LocalDevToolsAutoConfiguration$RestartingClassPathChangeChangedEventListener - Restarting due to 1 class path change (0 additions, 0 deletions, 1 modification)
2026-08-10 13:13:09 [INFO] o.s.b.w.e.tomcat.GracefulShutdown - Commencing graceful shutdown. Waiting for active requests to complete
2026-08-10 13:13:09 [INFO] o.s.b.w.e.tomcat.GracefulShutdown - Graceful shutdown complete
2026-08-10 13:13:09 [INFO] o.s.o.j.LocalContainerEntityManagerFactoryBean - Closing JPA EntityManagerFactory for persistence unit 'default'
2026-08-10 13:13:09 [INFO] com.zaxxer.hikari.HikariDataSource - HikariPool-1 - Shutdown initiated...
2026-08-10 13:13:09 [INFO] com.zaxxer.hikari.HikariDataSource - HikariPool-1 - Shutdown completed.
2026-08-10 13:13:09 [INFO] com.techpalle.Application - Starting Application using Java 21.0.8 with PID 33192 (R:\Workspace_Project\project_Task\01-EnterpriseIdentityAccessManagement\target\classes started by rahul in R:\Workspace_Project\project_Task\01-EnterpriseIdentityAccessManagement)
2026-08-10 13:13:09 [DEBUG] com.techpalle.Application - Running with Spring Boot v3.5.16, Spring v6.2.19
2026-08-10 13:13:09 [INFO] com.techpalle.Application - No active profile set, falling back to 1 default profile: "default"
2026-08-10 13:13:09 [INFO] o.s.d.r.c.RepositoryConfigurationDelegate - Bootstrapping Spring Data JPA repositories in DEFAULT mode.
2026-08-10 13:13:09 [INFO] o.s.d.r.c.RepositoryConfigurationDelegate - Finished Spring Data repository scanning in 24 ms. Found 7 JPA repository interfaces.
2026-08-10 13:13:09 [INFO] o.s.b.w.e.tomcat.TomcatWebServer - Tomcat initialized with port 9090 (http)
2026-08-10 13:13:09 [INFO] o.a.catalina.core.StandardService - Starting service [Tomcat]
2026-08-10 13:13:09 [INFO] o.a.catalina.core.StandardEngine - Starting Servlet engine: [Apache Tomcat/10.1.55]
2026-08-10 13:13:09 [INFO] o.a.c.c.C.[Tomcat].[localhost].[/] - Initializing Spring embedded WebApplicationContext
2026-08-10 13:13:09 [INFO] o.s.b.w.s.c.ServletWebServerApplicationContext - Root WebApplicationContext: initialization completed in 683 ms
2026-08-10 13:13:09 [INFO] com.zaxxer.hikari.HikariDataSource - HikariPool-2 - Starting...
2026-08-10 13:13:09 [INFO] com.zaxxer.hikari.pool.HikariPool - HikariPool-2 - Added connection org.postgresql.jdbc.PgConnection@bffddde
2026-08-10 13:13:09 [INFO] com.zaxxer.hikari.HikariDataSource - HikariPool-2 - Start completed.
2026-08-10 13:13:09 [INFO] org.flywaydb.core.FlywayExecutor - Database: jdbc:postgresql://localhost:5432/EnterpriseIdentityAccessManagement (PostgreSQL 18.4)
2026-08-10 13:13:09 [WARN] o.f.c.i.database.base.Database - Flyway upgrade recommended: PostgreSQL 18.4 is newer than this version of Flyway and support has not been tested. The latest supported version of PostgreSQL is 17.
2026-08-10 13:13:09 [INFO] o.f.core.internal.command.DbValidate - Successfully validated 0 migrations (execution time 00:00.010s)
2026-08-10 13:13:09 [WARN] o.f.core.internal.command.DbValidate - No migrations found. Are your locations set up correctly?
2026-08-10 13:13:10 [INFO] o.f.core.internal.command.DbMigrate - Current version of schema "public": << Empty Schema >>
2026-08-10 13:13:10 [INFO] o.f.core.internal.command.DbMigrate - Schema "public" is up to date. No migration necessary.
2026-08-10 13:13:10 [INFO] o.h.jpa.internal.util.LogHelper - HHH000204: Processing PersistenceUnitInfo [name: default]
2026-08-10 13:13:10 [INFO] o.h.c.i.RegionFactoryInitiator - HHH000026: Second-level cache disabled
2026-08-10 13:13:10 [INFO] o.s.o.j.p.SpringPersistenceUnitInfo - No LoadTimeWeaver setup: ignoring JPA class transformer
2026-08-10 13:13:10 [INFO] o.hibernate.orm.connections.pooling - HHH10001005: Database info:
	Database JDBC URL [Connecting through datasource 'HikariDataSource (HikariPool-2)']
	Database driver: undefined/unknown
	Database version: 18.4
	Autocommit mode: undefined/unknown
	Isolation level: undefined/unknown
	Minimum pool size: undefined/unknown
	Maximum pool size: undefined/unknown
2026-08-10 13:13:10 [INFO] o.h.e.t.j.p.i.JtaPlatformInitiator - HHH000489: No JTA platform available (set 'hibernate.transaction.jta.platform' to enable JTA platform integration)
2026-08-10 13:13:10 [INFO] o.s.o.j.LocalContainerEntityManagerFactoryBean - Initialized JPA EntityManagerFactory for persistence unit 'default'
2026-08-10 13:13:10 [DEBUG] c.t.security.JwtAuthenticationFilter - Filter 'jwtAuthenticationFilter' configured for use
2026-08-10 13:13:10 [INFO] o.s.s.c.a.a.c.InitializeUserDetailsBeanManagerConfigurer$InitializeUserDetailsManagerConfigurer - Global AuthenticationManager configured with UserDetailsService bean with name customUserDetailsService
2026-08-10 13:13:10 [WARN] o.s.b.a.o.j.JpaBaseConfiguration$JpaWebConfiguration - spring.jpa.open-in-view is enabled by default. Therefore, database queries may be performed during view rendering. Explicitly configure spring.jpa.open-in-view to disable this warning
2026-08-10 13:13:11 [INFO] o.s.b.d.a.OptionalLiveReloadServer - LiveReload server is running on port 35729
2026-08-10 13:13:11 [INFO] o.s.b.w.e.tomcat.TomcatWebServer - Tomcat started on port 9090 (http) with context path '/'
2026-08-10 13:13:11 [INFO] com.techpalle.Application - Started Application in 2.032 seconds (process running for 1334.197)
2026-08-10 13:13:11 [INFO] o.s.b.d.a.ConditionEvaluationDeltaLoggingListener - Condition evaluation unchanged
2026-08-10 13:13:12 [INFO] o.s.b.a.SpringApplicationAdminMXBeanRegistrar$SpringApplicationAdmin - Application shutdown requested.
2026-08-10 13:13:12 [INFO] o.s.b.w.e.tomcat.GracefulShutdown - Commencing graceful shutdown. Waiting for active requests to complete
2026-08-10 13:13:12 [INFO] o.s.b.w.e.tomcat.GracefulShutdown - Graceful shutdown complete
2026-08-10 13:13:12 [INFO] o.s.o.j.LocalContainerEntityManagerFactoryBean - Closing JPA EntityManagerFactory for persistence unit 'default'
2026-08-10 13:13:12 [INFO] com.zaxxer.hikari.HikariDataSource - HikariPool-2 - Shutdown initiated...
2026-08-10 13:13:12 [INFO] com.zaxxer.hikari.HikariDataSource - HikariPool-2 - Shutdown completed.
2026-08-10 13:13:49 [INFO] com.techpalle.Application - Starting Application using Java 21.0.8 with PID 13236 (R:\Workspace_Project\project_Task\01-EnterpriseIdentityAccessManagement\target\classes started by rahul in R:\Workspace_Project\project_Task\01-EnterpriseIdentityAccessManagement)
2026-08-10 13:13:49 [DEBUG] com.techpalle.Application - Running with Spring Boot v3.5.16, Spring v6.2.19
2026-08-10 13:13:49 [INFO] com.techpalle.Application - No active profile set, falling back to 1 default profile: "default"
2026-08-10 13:13:49 [INFO] o.s.b.d.e.DevToolsPropertyDefaultsPostProcessor - Devtools property defaults active! Set 'spring.devtools.add-properties' to 'false' to disable
2026-08-10 13:13:49 [INFO] o.s.b.d.e.DevToolsPropertyDefaultsPostProcessor - For additional web related logging consider setting the 'logging.level.web' property to 'DEBUG'
2026-08-10 13:13:50 [INFO] o.s.d.r.c.RepositoryConfigurationDelegate - Bootstrapping Spring Data JPA repositories in DEFAULT mode.
2026-08-10 13:13:50 [INFO] o.s.d.r.c.RepositoryConfigurationDelegate - Finished Spring Data repository scanning in 77 ms. Found 7 JPA repository interfaces.
2026-08-10 13:13:51 [INFO] o.s.b.w.e.tomcat.TomcatWebServer - Tomcat initialized with port 9090 (http)
2026-08-10 13:13:51 [INFO] o.a.catalina.core.StandardService - Starting service [Tomcat]
2026-08-10 13:13:51 [INFO] o.a.catalina.core.StandardEngine - Starting Servlet engine: [Apache Tomcat/10.1.55]
2026-08-10 13:13:51 [INFO] o.a.c.c.C.[Tomcat].[localhost].[/] - Initializing Spring embedded WebApplicationContext
2026-08-10 13:13:51 [INFO] o.s.b.w.s.c.ServletWebServerApplicationContext - Root WebApplicationContext: initialization completed in 1735 ms
2026-08-10 13:13:51 [INFO] com.zaxxer.hikari.HikariDataSource - HikariPool-1 - Starting...
2026-08-10 13:13:51 [INFO] com.zaxxer.hikari.pool.HikariPool - HikariPool-1 - Added connection org.postgresql.jdbc.PgConnection@7be7a353
2026-08-10 13:13:51 [INFO] com.zaxxer.hikari.HikariDataSource - HikariPool-1 - Start completed.
2026-08-10 13:13:51 [INFO] org.flywaydb.core.FlywayExecutor - Database: jdbc:postgresql://localhost:5432/EnterpriseIdentityAccessManagement (PostgreSQL 18.4)
2026-08-10 13:13:51 [WARN] o.f.c.i.database.base.Database - Flyway upgrade recommended: PostgreSQL 18.4 is newer than this version of Flyway and support has not been tested. The latest supported version of PostgreSQL is 17.
2026-08-10 13:13:52 [INFO] o.f.core.internal.command.DbValidate - Successfully validated 0 migrations (execution time 00:00.019s)
2026-08-10 13:13:52 [WARN] o.f.core.internal.command.DbValidate - No migrations found. Are your locations set up correctly?
2026-08-10 13:13:52 [INFO] o.f.core.internal.command.DbMigrate - Current version of schema "public": << Empty Schema >>
2026-08-10 13:13:52 [INFO] o.f.core.internal.command.DbMigrate - Schema "public" is up to date. No migration necessary.
2026-08-10 13:13:52 [INFO] o.h.jpa.internal.util.LogHelper - HHH000204: Processing PersistenceUnitInfo [name: default]
2026-08-10 13:13:52 [INFO] org.hibernate.Version - HHH000412: Hibernate ORM core version 6.6.53.Final
2026-08-10 13:13:52 [INFO] o.h.c.i.RegionFactoryInitiator - HHH000026: Second-level cache disabled
2026-08-10 13:13:52 [INFO] o.s.o.j.p.SpringPersistenceUnitInfo - No LoadTimeWeaver setup: ignoring JPA class transformer
2026-08-10 13:13:52 [INFO] o.hibernate.orm.connections.pooling - HHH10001005: Database info:
	Database JDBC URL [Connecting through datasource 'HikariDataSource (HikariPool-1)']
	Database driver: undefined/unknown
	Database version: 18.4
	Autocommit mode: undefined/unknown
	Isolation level: undefined/unknown
	Minimum pool size: undefined/unknown
	Maximum pool size: undefined/unknown
2026-08-10 13:13:53 [INFO] o.h.e.t.j.p.i.JtaPlatformInitiator - HHH000489: No JTA platform available (set 'hibernate.transaction.jta.platform' to enable JTA platform integration)
2026-08-10 13:13:54 [INFO] o.s.o.j.LocalContainerEntityManagerFactoryBean - Initialized JPA EntityManagerFactory for persistence unit 'default'
2026-08-10 13:13:54 [DEBUG] c.t.security.JwtAuthenticationFilter - Filter 'jwtAuthenticationFilter' configured for use
2026-08-10 13:13:54 [INFO] o.s.s.c.a.a.c.InitializeUserDetailsBeanManagerConfigurer$InitializeUserDetailsManagerConfigurer - Global AuthenticationManager configured with UserDetailsService bean with name customUserDetailsService
2026-08-10 13:13:54 [WARN] o.s.b.a.o.j.JpaBaseConfiguration$JpaWebConfiguration - spring.jpa.open-in-view is enabled by default. Therefore, database queries may be performed during view rendering. Explicitly configure spring.jpa.open-in-view to disable this warning
2026-08-10 13:13:55 [INFO] o.s.b.d.a.OptionalLiveReloadServer - LiveReload server is running on port 35729
2026-08-10 13:13:55 [INFO] o.s.b.w.e.tomcat.TomcatWebServer - Tomcat started on port 9090 (http) with context path '/'
2026-08-10 13:13:55 [INFO] com.techpalle.Application - Started Application in 6.267 seconds (process running for 7.032)
2026-08-10 13:14:04 [INFO] o.a.c.c.C.[Tomcat].[localhost].[/] - Initializing Spring DispatcherServlet 'dispatcherServlet'
2026-08-10 13:14:04 [INFO] o.s.web.servlet.DispatcherServlet - Initializing Servlet 'dispatcherServlet'
2026-08-10 13:14:04 [INFO] o.s.web.servlet.DispatcherServlet - Completed initialization in 3 ms
2026-08-10 13:14:04 [INFO] c.t.controller.AuthController - Received login request for username: rahul
2026-08-10 13:14:04 [INFO] c.t.serviceimpl.AuthServiceImpl - Login attempt for username: rahul
2026-08-10 13:14:05 [DEBUG] org.hibernate.SQL - 
    select
        u1_0.id,
        u1_0.created_at,
        u1_0.email,
        u1_0.first_name,
        u1_0.is_active,
        u1_0.last_login_time,
        u1_0.last_name,
        u1_0.password,
        u1_0.phone_number,
        u1_0.updated_at,
        u1_0.username 
    from
        users u1_0 
    where
        u1_0.username=?
2026-08-10 13:14:05 [DEBUG] org.hibernate.SQL - 
    select
        r1_0.user_id,
        r1_1.id,
        r1_1.created_at,
        r1_1.description,
        r1_1.is_active,
        r1_1.name,
        r1_1.updated_at 
    from
        user_roles r1_0 
    join
        roles r1_1 
            on r1_1.id=r1_0.role_id 
    where
        r1_0.user_id=?
2026-08-10 13:14:05 [DEBUG] org.hibernate.SQL - 
    select
        u1_0.id,
        u1_0.created_at,
        u1_0.email,
        u1_0.first_name,
        u1_0.is_active,
        u1_0.last_login_time,
        u1_0.last_name,
        u1_0.password,
        u1_0.phone_number,
        u1_0.updated_at,
        u1_0.username 
    from
        users u1_0 
    where
        u1_0.username=?
2026-08-10 13:14:05 [DEBUG] org.hibernate.SQL - 
    select
        u1_0.id,
        u1_0.created_at,
        u1_0.email,
        u1_0.first_name,
        u1_0.is_active,
        u1_0.last_login_time,
        u1_0.last_name,
        u1_0.password,
        u1_0.phone_number,
        u1_0.updated_at,
        u1_0.username 
    from
        users u1_0 
    where
        u1_0.username=?
2026-08-10 13:14:05 [INFO] c.t.s.RefreshTokenServiceImpl - Creating refresh token for user: rahul
2026-08-10 13:14:05 [DEBUG] org.hibernate.SQL - 
    insert 
    into
        refresh_tokens
        (created_at, expiry_date, is_revoked, token, user_id) 
    values
        (?, ?, ?, ?, ?)
2026-08-10 13:14:05 [INFO] c.t.s.RefreshTokenServiceImpl - Refresh token created successfully for user: rahul
2026-08-10 13:14:05 [INFO] c.t.s.LoginHistoryServiceImpl - Recording login history for user: rahul
2026-08-10 13:14:05 [DEBUG] org.hibernate.SQL - 
    insert 
    into
        login_history
        (ip_address, login_status, login_timestamp, logout_timestamp, user_id, user_agent) 
    values
        (?, ?, ?, ?, ?, ?)
2026-08-10 13:14:05 [INFO] c.t.s.LoginHistoryServiceImpl - Login history recorded successfully for user: rahul
2026-08-10 13:14:05 [INFO] c.t.serviceimpl.AuditLogServiceImpl - Creating audit log - Action: LOGIN, Entity: AUTH, EntityId: 1, Status: SUCCESS
2026-08-10 13:14:05 [DEBUG] org.hibernate.SQL - 
    insert 
    into
        audit_logs
        (action_type, audit_timestamp, entity_id, entity_type, ip_address, new_value, old_value, status, user_id, user_agent) 
    values
        (?, ?, ?, ?, ?, ?, ?, ?, ?, ?)
2026-08-10 13:14:05 [INFO] c.t.serviceimpl.AuditLogServiceImpl - Audit log saved successfully - Action: LOGIN, EntityId: 1
2026-08-10 13:14:05 [INFO] c.t.serviceimpl.AuthServiceImpl - Login successful for username: rahul
2026-08-10 13:25:18 [WARN] o.s.w.s.m.m.a.ExceptionHandlerExceptionResolver - Resolved [org.springframework.http.converter.HttpMessageNotReadableException: JSON parse error: Illegal unquoted character ((CTRL-CHAR, code 13)): has to be escaped using backslash to be included in string value]
2026-08-10 13:29:19 [INFO] c.t.controller.AuthController - Received logout request
2026-08-10 13:29:19 [INFO] c.t.serviceimpl.AuthServiceImpl - Processing logout request
2026-08-10 13:29:19 [INFO] c.t.s.RefreshTokenServiceImpl - Validating refresh token
2026-08-10 13:29:19 [DEBUG] org.hibernate.SQL - 
    select
        rt1_0.id,
        rt1_0.created_at,
        rt1_0.expiry_date,
        rt1_0.is_revoked,
        rt1_0.token,
        rt1_0.user_id 
    from
        refresh_tokens rt1_0 
    where
        rt1_0.token=?
2026-08-10 13:29:19 [INFO] c.t.s.RefreshTokenServiceImpl - Refresh token validated successfully
2026-08-10 13:29:19 [INFO] c.t.s.RefreshTokenServiceImpl - Revoking refresh token
2026-08-10 13:29:19 [DEBUG] org.hibernate.SQL - 
    select
        rt1_0.id,
        rt1_0.created_at,
        rt1_0.expiry_date,
        rt1_0.is_revoked,
        rt1_0.token,
        rt1_0.user_id 
    from
        refresh_tokens rt1_0 
    where
        rt1_0.token=?
2026-08-10 13:29:19 [DEBUG] org.hibernate.SQL - 
    update
        refresh_tokens 
    set
        expiry_date=?,
        is_revoked=?,
        token=?,
        user_id=? 
    where
        id=?
2026-08-10 13:29:19 [INFO] c.t.s.RefreshTokenServiceImpl - Refresh token revoked successfully
2026-08-10 13:29:19 [DEBUG] org.hibernate.SQL - 
    select
        u1_0.id,
        u1_0.created_at,
        u1_0.email,
        u1_0.first_name,
        u1_0.is_active,
        u1_0.last_login_time,
        u1_0.last_name,
        u1_0.password,
        u1_0.phone_number,
        u1_0.updated_at,
        u1_0.username 
    from
        users u1_0 
    where
        u1_0.id=?
2026-08-10 13:29:19 [INFO] c.t.s.LoginHistoryServiceImpl - Recording logout history for user: rahul
2026-08-10 13:29:19 [DEBUG] org.hibernate.SQL - 
    select
        lh1_0.id,
        lh1_0.ip_address,
        lh1_0.login_status,
        lh1_0.login_timestamp,
        lh1_0.logout_timestamp,
        lh1_0.user_id,
        lh1_0.user_agent 
    from
        login_history lh1_0 
    where
        lh1_0.user_id=?
2026-08-10 13:29:19 [DEBUG] org.hibernate.SQL - 
    update
        login_history 
    set
        ip_address=?,
        login_status=?,
        login_timestamp=?,
        logout_timestamp=?,
        user_id=?,
        user_agent=? 
    where
        id=?
2026-08-10 13:29:19 [INFO] c.t.s.LoginHistoryServiceImpl - Logout history recorded successfully for user: rahul
2026-08-10 13:29:19 [INFO] c.t.serviceimpl.AuditLogServiceImpl - Creating audit log - Action: LOGOUT, Entity: AUTH, EntityId: 1, Status: SUCCESS
2026-08-10 13:29:19 [DEBUG] org.hibernate.SQL - 
    insert 
    into
        audit_logs
        (action_type, audit_timestamp, entity_id, entity_type, ip_address, new_value, old_value, status, user_id, user_agent) 
    values
        (?, ?, ?, ?, ?, ?, ?, ?, ?, ?)
2026-08-10 13:29:19 [INFO] c.t.serviceimpl.AuditLogServiceImpl - Audit log saved successfully - Action: LOGOUT, EntityId: 1
2026-08-10 13:29:19 [INFO] c.t.serviceimpl.AuthServiceImpl - Logout successful for user: rahul
2026-08-10 13:37:18 [INFO] c.t.controller.AuthController - Received refresh token request
2026-08-10 13:37:18 [INFO] c.t.serviceimpl.AuthServiceImpl - Processing refresh token request
2026-08-10 13:37:18 [INFO] c.t.s.RefreshTokenServiceImpl - Validating refresh token
2026-08-10 13:37:18 [DEBUG] org.hibernate.SQL - 
    select
        rt1_0.id,
        rt1_0.created_at,
        rt1_0.expiry_date,
        rt1_0.is_revoked,
        rt1_0.token,
        rt1_0.user_id 
    from
        refresh_tokens rt1_0 
    where
        rt1_0.token=?
2026-08-10 13:37:18 [WARN] o.s.w.s.m.m.a.ExceptionHandlerExceptionResolver - Resolved [com.techpalle.exception.BadRequestException: Refresh token has been revoked]
2026-08-10 13:41:32 [INFO] c.t.controller.AuthController - Received refresh token request
2026-08-10 13:41:32 [INFO] c.t.serviceimpl.AuthServiceImpl - Processing refresh token request
2026-08-10 13:41:32 [INFO] c.t.s.RefreshTokenServiceImpl - Validating refresh token
2026-08-10 13:41:32 [DEBUG] org.hibernate.SQL - 
    select
        rt1_0.id,
        rt1_0.created_at,
        rt1_0.expiry_date,
        rt1_0.is_revoked,
        rt1_0.token,
        rt1_0.user_id 
    from
        refresh_tokens rt1_0 
    where
        rt1_0.token=?
2026-08-10 13:41:32 [WARN] o.s.w.s.m.m.a.ExceptionHandlerExceptionResolver - Resolved [com.techpalle.exception.BadRequestException: Refresh token has been revoked]
2026-08-10 14:47:07 [INFO] c.t.controller.AuthController - Received forgot password request for email: rahul@gmail.com
2026-08-10 14:47:07 [INFO] c.t.serviceimpl.AuthServiceImpl - Forgot password request received for email: rahul@gmail.com
2026-08-10 14:47:07 [DEBUG] org.hibernate.SQL - 
    select
        u1_0.id,
        u1_0.created_at,
        u1_0.email,
        u1_0.first_name,
        u1_0.is_active,
        u1_0.last_login_time,
        u1_0.last_name,
        u1_0.password,
        u1_0.phone_number,
        u1_0.updated_at,
        u1_0.username 
    from
        users u1_0 
    where
        u1_0.email=?
2026-08-10 14:47:07 [INFO] c.t.serviceimpl.OTPServiceImpl - Generating OTP for user: rahul
2026-08-10 14:47:07 [DEBUG] org.hibernate.SQL - 
    select
        o1_0.id,
        o1_0.code,
        o1_0.created_at,
        o1_0.expiry_date,
        o1_0.is_used,
        o1_0.used_at,
        o1_0.user_id 
    from
        otp o1_0 
    where
        o1_0.user_id=?
2026-08-10 14:47:07 [DEBUG] org.hibernate.SQL - 
    insert 
    into
        otp
        (code, created_at, expiry_date, is_used, used_at, user_id) 
    values
        (?, ?, ?, ?, ?, ?)
2026-08-10 14:47:07 [INFO] c.t.serviceimpl.OTPServiceImpl - OTP generated successfully for user: rahul
2026-08-10 14:47:07 [INFO] c.t.serviceimpl.AuditLogServiceImpl - Creating audit log - Action: FORGOT_PASSWORD, Entity: USER, EntityId: 1, Status: SUCCESS
2026-08-10 14:47:07 [DEBUG] org.hibernate.SQL - 
    insert 
    into
        audit_logs
        (action_type, audit_timestamp, entity_id, entity_type, ip_address, new_value, old_value, status, user_id, user_agent) 
    values
        (?, ?, ?, ?, ?, ?, ?, ?, ?, ?)
2026-08-10 14:47:07 [INFO] c.t.serviceimpl.AuditLogServiceImpl - Audit log saved successfully - Action: FORGOT_PASSWORD, EntityId: 1
2026-08-10 14:47:07 [INFO] c.t.serviceimpl.AuthServiceImpl - OTP generated successfully for email: rahul@gmail.com
2026-08-10 14:57:44 [INFO] o.s.b.a.SpringApplicationAdminMXBeanRegistrar$SpringApplicationAdmin - Application shutdown requested.
2026-08-10 14:57:44 [INFO] o.s.b.w.e.tomcat.GracefulShutdown - Commencing graceful shutdown. Waiting for active requests to complete
2026-08-10 14:57:44 [INFO] o.s.b.w.e.tomcat.GracefulShutdown - Graceful shutdown complete
2026-08-10 14:57:44 [INFO] o.s.o.j.LocalContainerEntityManagerFactoryBean - Closing JPA EntityManagerFactory for persistence unit 'default'
2026-08-10 14:57:44 [INFO] com.zaxxer.hikari.HikariDataSource - HikariPool-1 - Shutdown initiated...
2026-08-10 14:57:44 [INFO] com.zaxxer.hikari.HikariDataSource - HikariPool-1 - Shutdown completed.
2026-08-10 15:06:44 [INFO] com.techpalle.Application - Starting Application using Java 21.0.8 with PID 22144 (R:\Workspace_Project\project_Task\01-EnterpriseIdentityAccessManagement\target\classes started by rahul in R:\Workspace_Project\project_Task\01-EnterpriseIdentityAccessManagement)
2026-08-10 15:06:44 [DEBUG] com.techpalle.Application - Running with Spring Boot v3.5.16, Spring v6.2.19
2026-08-10 15:06:44 [INFO] com.techpalle.Application - No active profile set, falling back to 1 default profile: "default"
2026-08-10 15:06:44 [INFO] o.s.b.d.e.DevToolsPropertyDefaultsPostProcessor - Devtools property defaults active! Set 'spring.devtools.add-properties' to 'false' to disable
2026-08-10 15:06:44 [INFO] o.s.b.d.e.DevToolsPropertyDefaultsPostProcessor - For additional web related logging consider setting the 'logging.level.web' property to 'DEBUG'
2026-08-10 15:06:48 [INFO] o.s.d.r.c.RepositoryConfigurationDelegate - Bootstrapping Spring Data JPA repositories in DEFAULT mode.
2026-08-10 15:06:48 [INFO] o.s.d.r.c.RepositoryConfigurationDelegate - Finished Spring Data repository scanning in 273 ms. Found 7 JPA repository interfaces.
2026-08-10 15:06:50 [INFO] o.s.b.w.e.tomcat.TomcatWebServer - Tomcat initialized with port 9090 (http)
2026-08-10 15:06:50 [INFO] o.a.catalina.core.StandardService - Starting service [Tomcat]
2026-08-10 15:06:50 [INFO] o.a.catalina.core.StandardEngine - Starting Servlet engine: [Apache Tomcat/10.1.55]
2026-08-10 15:06:51 [INFO] o.a.c.c.C.[Tomcat].[localhost].[/] - Initializing Spring embedded WebApplicationContext
2026-08-10 15:06:51 [INFO] o.s.b.w.s.c.ServletWebServerApplicationContext - Root WebApplicationContext: initialization completed in 6457 ms
2026-08-10 15:06:51 [INFO] com.zaxxer.hikari.HikariDataSource - HikariPool-1 - Starting...
2026-08-10 15:06:52 [INFO] com.zaxxer.hikari.pool.HikariPool - HikariPool-1 - Added connection org.postgresql.jdbc.PgConnection@7287a473
2026-08-10 15:06:52 [INFO] com.zaxxer.hikari.HikariDataSource - HikariPool-1 - Start completed.
2026-08-10 15:06:52 [INFO] org.flywaydb.core.FlywayExecutor - Database: jdbc:postgresql://localhost:5432/EnterpriseIdentityAccessManagement (PostgreSQL 18.4)
2026-08-10 15:06:52 [WARN] o.f.c.i.database.base.Database - Flyway upgrade recommended: PostgreSQL 18.4 is newer than this version of Flyway and support has not been tested. The latest supported version of PostgreSQL is 17.
2026-08-10 15:06:52 [INFO] o.f.core.internal.command.DbValidate - Successfully validated 0 migrations (execution time 00:00.073s)
2026-08-10 15:06:52 [WARN] o.f.core.internal.command.DbValidate - No migrations found. Are your locations set up correctly?
2026-08-10 15:06:52 [INFO] o.f.core.internal.command.DbMigrate - Current version of schema "public": << Empty Schema >>
2026-08-10 15:06:52 [INFO] o.f.core.internal.command.DbMigrate - Schema "public" is up to date. No migration necessary.
2026-08-10 15:06:52 [INFO] o.h.jpa.internal.util.LogHelper - HHH000204: Processing PersistenceUnitInfo [name: default]
2026-08-10 15:06:53 [INFO] org.hibernate.Version - HHH000412: Hibernate ORM core version 6.6.53.Final
2026-08-10 15:06:53 [INFO] o.h.c.i.RegionFactoryInitiator - HHH000026: Second-level cache disabled
2026-08-10 15:06:54 [INFO] o.s.o.j.p.SpringPersistenceUnitInfo - No LoadTimeWeaver setup: ignoring JPA class transformer
2026-08-10 15:06:54 [INFO] o.hibernate.orm.connections.pooling - HHH10001005: Database info:
	Database JDBC URL [Connecting through datasource 'HikariDataSource (HikariPool-1)']
	Database driver: undefined/unknown
	Database version: 18.4
	Autocommit mode: undefined/unknown
	Isolation level: undefined/unknown
	Minimum pool size: undefined/unknown
	Maximum pool size: undefined/unknown
2026-08-10 15:06:57 [INFO] o.h.e.t.j.p.i.JtaPlatformInitiator - HHH000489: No JTA platform available (set 'hibernate.transaction.jta.platform' to enable JTA platform integration)
2026-08-10 15:06:58 [INFO] o.s.o.j.LocalContainerEntityManagerFactoryBean - Initialized JPA EntityManagerFactory for persistence unit 'default'
2026-08-10 15:06:59 [DEBUG] c.t.security.JwtAuthenticationFilter - Filter 'jwtAuthenticationFilter' configured for use
2026-08-10 15:06:59 [INFO] o.s.s.c.a.a.c.InitializeUserDetailsBeanManagerConfigurer$InitializeUserDetailsManagerConfigurer - Global AuthenticationManager configured with UserDetailsService bean with name customUserDetailsService
2026-08-10 15:07:00 [WARN] o.s.b.a.o.j.JpaBaseConfiguration$JpaWebConfiguration - spring.jpa.open-in-view is enabled by default. Therefore, database queries may be performed during view rendering. Explicitly configure spring.jpa.open-in-view to disable this warning
2026-08-10 15:07:02 [INFO] o.s.b.d.a.OptionalLiveReloadServer - LiveReload server is running on port 35729
2026-08-10 15:07:02 [INFO] o.s.b.w.e.tomcat.TomcatWebServer - Tomcat started on port 9090 (http) with context path '/'
2026-08-10 15:07:02 [INFO] com.techpalle.Application - Started Application in 19.296 seconds (process running for 21.808)
2026-08-10 15:07:27 [INFO] o.a.c.c.C.[Tomcat].[localhost].[/] - Initializing Spring DispatcherServlet 'dispatcherServlet'
2026-08-10 15:07:27 [INFO] o.s.web.servlet.DispatcherServlet - Initializing Servlet 'dispatcherServlet'
2026-08-10 15:07:27 [INFO] o.s.web.servlet.DispatcherServlet - Completed initialization in 6 ms
2026-08-10 15:07:28 [INFO] c.t.controller.AuthController - Received forgot password request for email: rahul@gmail.com
2026-08-10 15:07:28 [INFO] c.t.serviceimpl.AuthServiceImpl - Forgot password request received for email: rahul@gmail.com
2026-08-10 15:07:28 [DEBUG] org.hibernate.SQL - 
    select
        u1_0.id,
        u1_0.created_at,
        u1_0.email,
        u1_0.first_name,
        u1_0.is_active,
        u1_0.last_login_time,
        u1_0.last_name,
        u1_0.password,
        u1_0.phone_number,
        u1_0.updated_at,
        u1_0.username 
    from
        users u1_0 
    where
        u1_0.email=?
2026-08-10 15:07:28 [INFO] c.t.serviceimpl.OTPServiceImpl - Generating OTP for user: rahul
2026-08-10 15:07:28 [DEBUG] org.hibernate.SQL - 
    select
        o1_0.id,
        o1_0.code,
        o1_0.created_at,
        o1_0.expiry_date,
        o1_0.is_used,
        o1_0.used_at,
        o1_0.user_id 
    from
        otp o1_0 
    where
        o1_0.user_id=?
2026-08-10 15:07:29 [WARN] o.s.w.s.m.m.a.ExceptionHandlerExceptionResolver - Resolved [org.springframework.dao.InvalidDataAccessApiUsageException: No EntityManager with actual transaction available for current thread - cannot reliably process 'remove' call]
2026-08-10 15:08:32 [INFO] c.t.controller.AuthController - Received forgot password request for email: suman@gmail.com
2026-08-10 15:08:32 [INFO] c.t.serviceimpl.AuthServiceImpl - Forgot password request received for email: suman@gmail.com
2026-08-10 15:08:32 [DEBUG] org.hibernate.SQL - 
    select
        u1_0.id,
        u1_0.created_at,
        u1_0.email,
        u1_0.first_name,
        u1_0.is_active,
        u1_0.last_login_time,
        u1_0.last_name,
        u1_0.password,
        u1_0.phone_number,
        u1_0.updated_at,
        u1_0.username 
    from
        users u1_0 
    where
        u1_0.email=?
2026-08-10 15:08:32 [INFO] c.t.serviceimpl.OTPServiceImpl - Generating OTP for user: suman
2026-08-10 15:08:32 [DEBUG] org.hibernate.SQL - 
    select
        o1_0.id,
        o1_0.code,
        o1_0.created_at,
        o1_0.expiry_date,
        o1_0.is_used,
        o1_0.used_at,
        o1_0.user_id 
    from
        otp o1_0 
    where
        o1_0.user_id=?
2026-08-10 15:08:32 [DEBUG] org.hibernate.SQL - 
    insert 
    into
        otp
        (code, created_at, expiry_date, is_used, used_at, user_id) 
    values
        (?, ?, ?, ?, ?, ?)
2026-08-10 15:08:32 [INFO] c.t.serviceimpl.OTPServiceImpl - OTP generated successfully for user: suman
2026-08-10 15:08:32 [INFO] c.t.serviceimpl.AuditLogServiceImpl - Creating audit log - Action: FORGOT_PASSWORD, Entity: USER, EntityId: 2, Status: SUCCESS
2026-08-10 15:08:32 [DEBUG] org.hibernate.SQL - 
    insert 
    into
        audit_logs
        (action_type, audit_timestamp, entity_id, entity_type, ip_address, new_value, old_value, status, user_id, user_agent) 
    values
        (?, ?, ?, ?, ?, ?, ?, ?, ?, ?)
2026-08-10 15:08:32 [INFO] c.t.serviceimpl.AuditLogServiceImpl - Audit log saved successfully - Action: FORGOT_PASSWORD, EntityId: 2
2026-08-10 15:08:32 [INFO] c.t.serviceimpl.AuthServiceImpl - OTP generated successfully for email: suman@gmail.com
2026-08-10 15:15:33 [INFO] c.t.controller.AuthController - Received OTP verification request for email: suman@gmail.com
2026-08-10 15:15:33 [INFO] c.t.serviceimpl.AuthServiceImpl - Verifying OTP for email: suman@gmail.com
2026-08-10 15:15:33 [DEBUG] org.hibernate.SQL - 
    select
        u1_0.id,
        u1_0.created_at,
        u1_0.email,
        u1_0.first_name,
        u1_0.is_active,
        u1_0.last_login_time,
        u1_0.last_name,
        u1_0.password,
        u1_0.phone_number,
        u1_0.updated_at,
        u1_0.username 
    from
        users u1_0 
    where
        u1_0.email=?
2026-08-10 15:15:33 [INFO] c.t.serviceimpl.OTPServiceImpl - Validating OTP for user: suman
2026-08-10 15:15:33 [DEBUG] org.hibernate.SQL - 
    select
        o1_0.id,
        o1_0.code,
        o1_0.created_at,
        o1_0.expiry_date,
        o1_0.is_used,
        o1_0.used_at,
        o1_0.user_id 
    from
        otp o1_0 
    where
        o1_0.code=? 
        and o1_0.user_id=?
2026-08-10 15:15:33 [INFO] c.t.serviceimpl.OTPServiceImpl - OTP validated successfully for user: suman
2026-08-10 15:15:33 [INFO] c.t.serviceimpl.AuthServiceImpl - OTP verified successfully for email: suman@gmail.com
2026-08-10 15:17:41 [INFO] o.s.b.d.a.LocalDevToolsAutoConfiguration$RestartingClassPathChangeChangedEventListener - Restarting due to 3 class path changes (0 additions, 0 deletions, 3 modifications)
2026-08-10 15:17:41 [INFO] o.s.b.w.e.tomcat.GracefulShutdown - Commencing graceful shutdown. Waiting for active requests to complete
2026-08-10 15:17:41 [INFO] o.s.b.w.e.tomcat.GracefulShutdown - Graceful shutdown complete
2026-08-10 15:17:41 [INFO] o.s.o.j.LocalContainerEntityManagerFactoryBean - Closing JPA EntityManagerFactory for persistence unit 'default'
2026-08-10 15:17:41 [INFO] com.zaxxer.hikari.HikariDataSource - HikariPool-1 - Shutdown initiated...
2026-08-10 15:17:41 [INFO] com.zaxxer.hikari.HikariDataSource - HikariPool-1 - Shutdown completed.
2026-08-10 15:17:42 [INFO] com.techpalle.Application - Starting Application using Java 21.0.8 with PID 22144 (R:\Workspace_Project\project_Task\01-EnterpriseIdentityAccessManagement\target\classes started by rahul in R:\Workspace_Project\project_Task\01-EnterpriseIdentityAccessManagement)
2026-08-10 15:17:42 [DEBUG] com.techpalle.Application - Running with Spring Boot v3.5.16, Spring v6.2.19
2026-08-10 15:17:42 [INFO] com.techpalle.Application - No active profile set, falling back to 1 default profile: "default"
2026-08-10 15:17:43 [INFO] o.s.d.r.c.RepositoryConfigurationDelegate - Bootstrapping Spring Data JPA repositories in DEFAULT mode.
2026-08-10 15:35:17 [INFO] com.techpalle.Application - Starting Application using Java 21.0.8 with PID 4284 (R:\Workspace_Project\project_Task\01-EnterpriseIdentityAccessManagement\target\classes started by rahul in R:\Workspace_Project\project_Task\01-EnterpriseIdentityAccessManagement)
2026-08-10 15:35:17 [DEBUG] com.techpalle.Application - Running with Spring Boot v3.5.16, Spring v6.2.19
2026-08-10 15:35:17 [INFO] com.techpalle.Application - No active profile set, falling back to 1 default profile: "default"
2026-08-10 15:35:18 [INFO] o.s.b.d.e.DevToolsPropertyDefaultsPostProcessor - Devtools property defaults active! Set 'spring.devtools.add-properties' to 'false' to disable
2026-08-10 15:35:18 [INFO] o.s.b.d.e.DevToolsPropertyDefaultsPostProcessor - For additional web related logging consider setting the 'logging.level.web' property to 'DEBUG'
2026-08-10 15:35:20 [INFO] o.s.d.r.c.RepositoryConfigurationDelegate - Bootstrapping Spring Data JPA repositories in DEFAULT mode.
2026-08-10 15:35:21 [INFO] o.s.d.r.c.RepositoryConfigurationDelegate - Finished Spring Data repository scanning in 204 ms. Found 7 JPA repository interfaces.
2026-08-10 15:35:22 [INFO] o.s.b.w.e.tomcat.TomcatWebServer - Tomcat initialized with port 9090 (http)
2026-08-10 15:35:22 [INFO] o.a.catalina.core.StandardService - Starting service [Tomcat]
2026-08-10 15:35:22 [INFO] o.a.catalina.core.StandardEngine - Starting Servlet engine: [Apache Tomcat/10.1.55]
2026-08-10 15:35:23 [INFO] o.a.c.c.C.[Tomcat].[localhost].[/] - Initializing Spring embedded WebApplicationContext
2026-08-10 15:35:23 [INFO] o.s.b.w.s.c.ServletWebServerApplicationContext - Root WebApplicationContext: initialization completed in 4935 ms
2026-08-10 15:35:23 [INFO] com.zaxxer.hikari.HikariDataSource - HikariPool-1 - Starting...
2026-08-10 15:35:24 [INFO] com.zaxxer.hikari.pool.HikariPool - HikariPool-1 - Added connection org.postgresql.jdbc.PgConnection@214f53d9
2026-08-10 15:35:24 [INFO] com.zaxxer.hikari.HikariDataSource - HikariPool-1 - Start completed.
2026-08-10 15:35:24 [INFO] org.flywaydb.core.FlywayExecutor - Database: jdbc:postgresql://localhost:5432/EnterpriseIdentityAccessManagement (PostgreSQL 18.4)
2026-08-10 15:35:24 [WARN] o.f.c.i.database.base.Database - Flyway upgrade recommended: PostgreSQL 18.4 is newer than this version of Flyway and support has not been tested. The latest supported version of PostgreSQL is 17.
2026-08-10 15:35:24 [INFO] o.f.core.internal.command.DbValidate - Successfully validated 0 migrations (execution time 00:00.049s)
2026-08-10 15:35:24 [WARN] o.f.core.internal.command.DbValidate - No migrations found. Are your locations set up correctly?
2026-08-10 15:35:24 [INFO] o.f.core.internal.command.DbMigrate - Current version of schema "public": << Empty Schema >>
2026-08-10 15:35:24 [INFO] o.f.core.internal.command.DbMigrate - Schema "public" is up to date. No migration necessary.
2026-08-10 15:35:24 [INFO] o.h.jpa.internal.util.LogHelper - HHH000204: Processing PersistenceUnitInfo [name: default]
2026-08-10 15:35:24 [INFO] org.hibernate.Version - HHH000412: Hibernate ORM core version 6.6.53.Final
2026-08-10 15:35:25 [INFO] o.h.c.i.RegionFactoryInitiator - HHH000026: Second-level cache disabled
2026-08-10 15:35:25 [INFO] o.s.o.j.p.SpringPersistenceUnitInfo - No LoadTimeWeaver setup: ignoring JPA class transformer
2026-08-10 15:35:26 [INFO] o.hibernate.orm.connections.pooling - HHH10001005: Database info:
	Database JDBC URL [Connecting through datasource 'HikariDataSource (HikariPool-1)']
	Database driver: undefined/unknown
	Database version: 18.4
	Autocommit mode: undefined/unknown
	Isolation level: undefined/unknown
	Minimum pool size: undefined/unknown
	Maximum pool size: undefined/unknown
2026-08-10 15:35:29 [INFO] o.h.e.t.j.p.i.JtaPlatformInitiator - HHH000489: No JTA platform available (set 'hibernate.transaction.jta.platform' to enable JTA platform integration)
2026-08-10 15:35:30 [INFO] o.s.o.j.LocalContainerEntityManagerFactoryBean - Initialized JPA EntityManagerFactory for persistence unit 'default'
2026-08-10 15:35:31 [DEBUG] c.t.security.JwtAuthenticationFilter - Filter 'jwtAuthenticationFilter' configured for use
2026-08-10 15:35:31 [INFO] o.s.s.c.a.a.c.InitializeUserDetailsBeanManagerConfigurer$InitializeUserDetailsManagerConfigurer - Global AuthenticationManager configured with UserDetailsService bean with name customUserDetailsService
2026-08-10 15:35:32 [WARN] o.s.b.a.o.j.JpaBaseConfiguration$JpaWebConfiguration - spring.jpa.open-in-view is enabled by default. Therefore, database queries may be performed during view rendering. Explicitly configure spring.jpa.open-in-view to disable this warning
2026-08-10 15:35:34 [INFO] o.s.b.d.a.OptionalLiveReloadServer - LiveReload server is running on port 35729
2026-08-10 15:35:34 [INFO] o.s.b.w.e.tomcat.TomcatWebServer - Tomcat started on port 9090 (http) with context path '/'
2026-08-10 15:35:34 [INFO] com.techpalle.Application - Started Application in 17.634 seconds (process running for 19.814)
2026-08-10 15:35:47 [INFO] o.a.c.c.C.[Tomcat].[localhost].[/] - Initializing Spring DispatcherServlet 'dispatcherServlet'
2026-08-10 15:35:47 [INFO] o.s.web.servlet.DispatcherServlet - Initializing Servlet 'dispatcherServlet'
2026-08-10 15:35:47 [INFO] o.s.web.servlet.DispatcherServlet - Completed initialization in 4 ms
2026-08-10 15:35:48 [INFO] c.t.controller.AuthController - Received OTP verification request for email: suman@gmail.com
2026-08-10 15:35:48 [INFO] c.t.serviceimpl.AuthServiceImpl - Verifying OTP for email: suman@gmail.com
2026-08-10 15:35:48 [DEBUG] org.hibernate.SQL - 
    select
        u1_0.id,
        u1_0.created_at,
        u1_0.email,
        u1_0.first_name,
        u1_0.is_active,
        u1_0.last_login_time,
        u1_0.last_name,
        u1_0.password,
        u1_0.phone_number,
        u1_0.updated_at,
        u1_0.username 
    from
        users u1_0 
    where
        u1_0.email=?
2026-08-10 15:35:48 [INFO] c.t.serviceimpl.OTPServiceImpl - Validating OTP for user: suman
2026-08-10 15:35:48 [DEBUG] org.hibernate.SQL - 
    select
        o1_0.id,
        o1_0.code,
        o1_0.created_at,
        o1_0.expiry_date,
        o1_0.is_used,
        o1_0.used_at,
        o1_0.user_id 
    from
        otp o1_0 
    where
        o1_0.code=? 
        and o1_0.user_id=?
2026-08-10 15:35:48 [ERROR] c.t.serviceimpl.OTPServiceImpl - OTP expired for user: suman
2026-08-10 15:35:49 [WARN] o.s.w.s.m.m.a.ExceptionHandlerExceptionResolver - Resolved [com.techpalle.exception.BadRequestException: OTP has expired]
2026-08-10 15:36:22 [INFO] c.t.controller.AuthController - Received forgot password request for email: Naresh@gmail.com
2026-08-10 15:36:22 [INFO] c.t.serviceimpl.AuthServiceImpl - Forgot password request received for email: Naresh@gmail.com
2026-08-10 15:36:22 [DEBUG] org.hibernate.SQL - 
    select
        u1_0.id,
        u1_0.created_at,
        u1_0.email,
        u1_0.first_name,
        u1_0.is_active,
        u1_0.last_login_time,
        u1_0.last_name,
        u1_0.password,
        u1_0.phone_number,
        u1_0.updated_at,
        u1_0.username 
    from
        users u1_0 
    where
        u1_0.email=?
2026-08-10 15:36:22 [INFO] c.t.serviceimpl.OTPServiceImpl - Generating OTP for user: Naresh
2026-08-10 15:36:22 [DEBUG] org.hibernate.SQL - 
    select
        o1_0.id,
        o1_0.code,
        o1_0.created_at,
        o1_0.expiry_date,
        o1_0.is_used,
        o1_0.used_at,
        o1_0.user_id 
    from
        otp o1_0 
    where
        o1_0.user_id=?
2026-08-10 15:36:22 [DEBUG] org.hibernate.SQL - 
    insert 
    into
        otp
        (code, created_at, expiry_date, is_used, used_at, user_id) 
    values
        (?, ?, ?, ?, ?, ?)
2026-08-10 15:36:22 [INFO] c.t.serviceimpl.OTPServiceImpl - OTP generated successfully for user: Naresh
2026-08-10 15:36:22 [INFO] c.t.serviceimpl.AuditLogServiceImpl - Creating audit log - Action: FORGOT_PASSWORD, Entity: USER, EntityId: 3, Status: SUCCESS
2026-08-10 15:36:22 [DEBUG] org.hibernate.SQL - 
    insert 
    into
        audit_logs
        (action_type, audit_timestamp, entity_id, entity_type, ip_address, new_value, old_value, status, user_id, user_agent) 
    values
        (?, ?, ?, ?, ?, ?, ?, ?, ?, ?)
2026-08-10 15:36:22 [INFO] c.t.serviceimpl.AuditLogServiceImpl - Audit log saved successfully - Action: FORGOT_PASSWORD, EntityId: 3
2026-08-10 15:36:22 [INFO] c.t.serviceimpl.AuthServiceImpl - OTP generated successfully for email: Naresh@gmail.com
2026-08-10 15:37:14 [INFO] c.t.controller.AuthController - Received OTP verification request for email: Naresh@gmail.com
2026-08-10 15:37:14 [INFO] c.t.serviceimpl.AuthServiceImpl - Verifying OTP for email: Naresh@gmail.com
2026-08-10 15:37:14 [DEBUG] org.hibernate.SQL - 
    select
        u1_0.id,
        u1_0.created_at,
        u1_0.email,
        u1_0.first_name,
        u1_0.is_active,
        u1_0.last_login_time,
        u1_0.last_name,
        u1_0.password,
        u1_0.phone_number,
        u1_0.updated_at,
        u1_0.username 
    from
        users u1_0 
    where
        u1_0.email=?
2026-08-10 15:37:14 [INFO] c.t.serviceimpl.OTPServiceImpl - Validating OTP for user: Naresh
2026-08-10 15:37:14 [DEBUG] org.hibernate.SQL - 
    select
        o1_0.id,
        o1_0.code,
        o1_0.created_at,
        o1_0.expiry_date,
        o1_0.is_used,
        o1_0.used_at,
        o1_0.user_id 
    from
        otp o1_0 
    where
        o1_0.code=? 
        and o1_0.user_id=?
2026-08-10 15:37:14 [INFO] c.t.serviceimpl.OTPServiceImpl - OTP validated successfully for user: Naresh
2026-08-10 15:37:14 [INFO] c.t.serviceimpl.AuthServiceImpl - OTP verified successfully for email: Naresh@gmail.com
2026-08-10 15:41:38 [INFO] c.t.controller.AuthController - Received password reset request for email: Naresh@gmail.com
2026-08-10 15:41:38 [INFO] c.t.serviceimpl.AuthServiceImpl - Reset password request received for email: Naresh@gmail.com
2026-08-10 15:41:38 [DEBUG] org.hibernate.SQL - 
    select
        u1_0.id,
        u1_0.created_at,
        u1_0.email,
        u1_0.first_name,
        u1_0.is_active,
        u1_0.last_login_time,
        u1_0.last_name,
        u1_0.password,
        u1_0.phone_number,
        u1_0.updated_at,
        u1_0.username 
    from
        users u1_0 
    where
        u1_0.email=?
2026-08-10 15:41:38 [INFO] c.t.serviceimpl.OTPServiceImpl - Validating OTP for user: Naresh
2026-08-10 15:41:38 [DEBUG] org.hibernate.SQL - 
    select
        o1_0.id,
        o1_0.code,
        o1_0.created_at,
        o1_0.expiry_date,
        o1_0.is_used,
        o1_0.used_at,
        o1_0.user_id 
    from
        otp o1_0 
    where
        o1_0.code=? 
        and o1_0.user_id=?
2026-08-10 15:41:38 [INFO] c.t.serviceimpl.OTPServiceImpl - OTP validated successfully for user: Naresh
2026-08-10 15:41:38 [INFO] c.t.serviceimpl.OTPServiceImpl - Marking OTP as used. OTP Id: 3
2026-08-10 15:41:38 [DEBUG] org.hibernate.SQL - 
    update
        otp 
    set
        code=?,
        expiry_date=?,
        is_used=?,
        used_at=?,
        user_id=? 
    where
        id=?
2026-08-10 15:41:38 [INFO] c.t.serviceimpl.OTPServiceImpl - OTP marked as used successfully. OTP Id: 3
2026-08-10 15:41:38 [DEBUG] org.hibernate.SQL - 
    update
        users 
    set
        email=?,
        first_name=?,
        is_active=?,
        last_login_time=?,
        last_name=?,
        password=?,
        phone_number=?,
        updated_at=?,
        username=? 
    where
        id=?
2026-08-10 15:41:38 [INFO] c.t.serviceimpl.AuditLogServiceImpl - Creating audit log - Action: RESET_PASSWORD, Entity: USER, EntityId: 3, Status: SUCCESS
2026-08-10 15:41:38 [DEBUG] org.hibernate.SQL - 
    insert 
    into
        audit_logs
        (action_type, audit_timestamp, entity_id, entity_type, ip_address, new_value, old_value, status, user_id, user_agent) 
    values
        (?, ?, ?, ?, ?, ?, ?, ?, ?, ?)
2026-08-10 15:41:38 [INFO] c.t.serviceimpl.AuditLogServiceImpl - Audit log saved successfully - Action: RESET_PASSWORD, EntityId: 3
2026-08-10 15:41:38 [INFO] c.t.serviceimpl.AuthServiceImpl - Password reset completed successfully for user: Naresh
2026-08-10 15:44:14 [INFO] o.s.b.a.SpringApplicationAdminMXBeanRegistrar$SpringApplicationAdmin - Application shutdown requested.
2026-08-10 15:44:14 [INFO] o.s.b.w.e.tomcat.GracefulShutdown - Commencing graceful shutdown. Waiting for active requests to complete
2026-08-10 15:44:14 [INFO] o.s.b.w.e.tomcat.GracefulShutdown - Graceful shutdown complete
2026-08-10 15:44:14 [INFO] o.s.o.j.LocalContainerEntityManagerFactoryBean - Closing JPA EntityManagerFactory for persistence unit 'default'
2026-08-10 15:44:14 [INFO] com.zaxxer.hikari.HikariDataSource - HikariPool-1 - Shutdown initiated...
2026-08-10 15:44:14 [INFO] com.zaxxer.hikari.HikariDataSource - HikariPool-1 - Shutdown completed.
2026-08-10 15:56:23 [INFO] com.techpalle.Application - Starting Application using Java 21.0.8 with PID 15104 (R:\Workspace_Project\project_Task\01-EnterpriseIdentityAccessManagement\target\classes started by rahul in R:\Workspace_Project\project_Task\01-EnterpriseIdentityAccessManagement)
2026-08-10 15:56:23 [DEBUG] com.techpalle.Application - Running with Spring Boot v3.5.16, Spring v6.2.19
2026-08-10 15:56:23 [INFO] com.techpalle.Application - No active profile set, falling back to 1 default profile: "default"
2026-08-10 15:56:23 [INFO] o.s.b.d.e.DevToolsPropertyDefaultsPostProcessor - Devtools property defaults active! Set 'spring.devtools.add-properties' to 'false' to disable
2026-08-10 15:56:23 [INFO] o.s.b.d.e.DevToolsPropertyDefaultsPostProcessor - For additional web related logging consider setting the 'logging.level.web' property to 'DEBUG'
2026-08-10 15:56:24 [INFO] o.s.d.r.c.RepositoryConfigurationDelegate - Bootstrapping Spring Data JPA repositories in DEFAULT mode.
2026-08-10 15:56:25 [INFO] o.s.d.r.c.RepositoryConfigurationDelegate - Finished Spring Data repository scanning in 83 ms. Found 7 JPA repository interfaces.
2026-08-10 15:56:25 [INFO] o.s.b.w.e.tomcat.TomcatWebServer - Tomcat initialized with port 9090 (http)
2026-08-10 15:56:25 [INFO] o.a.catalina.core.StandardService - Starting service [Tomcat]
2026-08-10 15:56:25 [INFO] o.a.catalina.core.StandardEngine - Starting Servlet engine: [Apache Tomcat/10.1.55]
2026-08-10 15:56:25 [INFO] o.a.c.c.C.[Tomcat].[localhost].[/] - Initializing Spring embedded WebApplicationContext
2026-08-10 15:56:25 [INFO] o.s.b.w.s.c.ServletWebServerApplicationContext - Root WebApplicationContext: initialization completed in 1713 ms
2026-08-10 15:56:25 [INFO] com.zaxxer.hikari.HikariDataSource - HikariPool-1 - Starting...
2026-08-10 15:56:26 [INFO] com.zaxxer.hikari.pool.HikariPool - HikariPool-1 - Added connection org.postgresql.jdbc.PgConnection@5fd83eac
2026-08-10 15:56:26 [INFO] com.zaxxer.hikari.HikariDataSource - HikariPool-1 - Start completed.
2026-08-10 15:56:26 [INFO] org.flywaydb.core.FlywayExecutor - Database: jdbc:postgresql://localhost:5432/EnterpriseIdentityAccessManagement (PostgreSQL 18.4)
2026-08-10 15:56:26 [WARN] o.f.c.i.database.base.Database - Flyway upgrade recommended: PostgreSQL 18.4 is newer than this version of Flyway and support has not been tested. The latest supported version of PostgreSQL is 17.
2026-08-10 15:56:26 [INFO] o.f.core.internal.command.DbValidate - Successfully validated 0 migrations (execution time 00:00.015s)
2026-08-10 15:56:26 [WARN] o.f.core.internal.command.DbValidate - No migrations found. Are your locations set up correctly?
2026-08-10 15:56:26 [INFO] o.f.core.internal.command.DbMigrate - Current version of schema "public": << Empty Schema >>
2026-08-10 15:56:26 [INFO] o.f.core.internal.command.DbMigrate - Schema "public" is up to date. No migration necessary.
2026-08-10 15:56:26 [INFO] o.h.jpa.internal.util.LogHelper - HHH000204: Processing PersistenceUnitInfo [name: default]
2026-08-10 15:56:26 [INFO] org.hibernate.Version - HHH000412: Hibernate ORM core version 6.6.53.Final
2026-08-10 15:56:26 [INFO] o.h.c.i.RegionFactoryInitiator - HHH000026: Second-level cache disabled
2026-08-10 15:56:26 [INFO] o.s.o.j.p.SpringPersistenceUnitInfo - No LoadTimeWeaver setup: ignoring JPA class transformer
2026-08-10 15:56:26 [INFO] o.hibernate.orm.connections.pooling - HHH10001005: Database info:
	Database JDBC URL [Connecting through datasource 'HikariDataSource (HikariPool-1)']
	Database driver: undefined/unknown
	Database version: 18.4
	Autocommit mode: undefined/unknown
	Isolation level: undefined/unknown
	Minimum pool size: undefined/unknown
	Maximum pool size: undefined/unknown
2026-08-10 15:56:27 [INFO] o.h.e.t.j.p.i.JtaPlatformInitiator - HHH000489: No JTA platform available (set 'hibernate.transaction.jta.platform' to enable JTA platform integration)
2026-08-10 15:56:27 [INFO] o.s.o.j.LocalContainerEntityManagerFactoryBean - Initialized JPA EntityManagerFactory for persistence unit 'default'
2026-08-10 15:56:27 [DEBUG] c.t.security.JwtAuthenticationFilter - Filter 'jwtAuthenticationFilter' configured for use
2026-08-10 15:56:27 [INFO] o.s.s.c.a.a.c.InitializeUserDetailsBeanManagerConfigurer$InitializeUserDetailsManagerConfigurer - Global AuthenticationManager configured with UserDetailsService bean with name customUserDetailsService
2026-08-10 15:56:28 [WARN] o.s.b.a.o.j.JpaBaseConfiguration$JpaWebConfiguration - spring.jpa.open-in-view is enabled by default. Therefore, database queries may be performed during view rendering. Explicitly configure spring.jpa.open-in-view to disable this warning
2026-08-10 15:56:28 [INFO] o.s.b.d.a.OptionalLiveReloadServer - LiveReload server is running on port 35729
2026-08-10 15:56:28 [INFO] o.s.b.w.e.tomcat.TomcatWebServer - Tomcat started on port 9090 (http) with context path '/'
2026-08-10 15:56:28 [INFO] com.techpalle.Application - Started Application in 5.081 seconds (process running for 5.773)
2026-08-10 16:04:41 [INFO] o.a.c.c.C.[Tomcat].[localhost].[/] - Initializing Spring DispatcherServlet 'dispatcherServlet'
2026-08-10 16:04:41 [INFO] o.s.web.servlet.DispatcherServlet - Initializing Servlet 'dispatcherServlet'
2026-08-10 16:04:41 [INFO] o.s.web.servlet.DispatcherServlet - Completed initialization in 1 ms
2026-08-10 16:04:41 [INFO] c.t.controller.AuthController - Received forgot password request for email: Naresh@gmail.com
2026-08-10 16:04:41 [INFO] c.t.serviceimpl.AuthServiceImpl - Forgot password request received for email: Naresh@gmail.com
2026-08-10 16:04:42 [DEBUG] org.hibernate.SQL - 
    select
        u1_0.id,
        u1_0.created_at,
        u1_0.email,
        u1_0.first_name,
        u1_0.is_active,
        u1_0.last_login_time,
        u1_0.last_name,
        u1_0.password,
        u1_0.phone_number,
        u1_0.updated_at,
        u1_0.username 
    from
        users u1_0 
    where
        u1_0.email=?
2026-08-10 16:04:42 [INFO] c.t.serviceimpl.OTPServiceImpl - Generating OTP for user: Naresh
2026-08-10 16:04:42 [DEBUG] org.hibernate.SQL - 
    select
        o1_0.id,
        o1_0.code,
        o1_0.created_at,
        o1_0.expiry_date,
        o1_0.is_used,
        o1_0.used_at,
        o1_0.user_id 
    from
        otp o1_0 
    where
        o1_0.user_id=?
2026-08-10 16:04:42 [WARN] o.s.w.s.m.m.a.ExceptionHandlerExceptionResolver - Resolved [org.springframework.dao.InvalidDataAccessApiUsageException: No EntityManager with actual transaction available for current thread - cannot reliably process 'remove' call]
2026-08-10 16:05:58 [INFO] c.t.controller.AuthController - Received forgot password request for email: rahul@gmail.com
2026-08-10 16:05:58 [INFO] c.t.serviceimpl.AuthServiceImpl - Forgot password request received for email: rahul@gmail.com
2026-08-10 16:05:58 [DEBUG] org.hibernate.SQL - 
    select
        u1_0.id,
        u1_0.created_at,
        u1_0.email,
        u1_0.first_name,
        u1_0.is_active,
        u1_0.last_login_time,
        u1_0.last_name,
        u1_0.password,
        u1_0.phone_number,
        u1_0.updated_at,
        u1_0.username 
    from
        users u1_0 
    where
        u1_0.email=?
2026-08-10 16:05:58 [INFO] c.t.serviceimpl.OTPServiceImpl - Generating OTP for user: rahul
2026-08-10 16:05:58 [DEBUG] org.hibernate.SQL - 
    select
        o1_0.id,
        o1_0.code,
        o1_0.created_at,
        o1_0.expiry_date,
        o1_0.is_used,
        o1_0.used_at,
        o1_0.user_id 
    from
        otp o1_0 
    where
        o1_0.user_id=?
2026-08-10 16:05:58 [WARN] o.s.w.s.m.m.a.ExceptionHandlerExceptionResolver - Resolved [org.springframework.dao.InvalidDataAccessApiUsageException: No EntityManager with actual transaction available for current thread - cannot reliably process 'remove' call]
2026-08-10 16:06:09 [INFO] c.t.controller.AuthController - Received forgot password request for email: suman@gmail.com
2026-08-10 16:06:09 [INFO] c.t.serviceimpl.AuthServiceImpl - Forgot password request received for email: suman@gmail.com
2026-08-10 16:06:09 [DEBUG] org.hibernate.SQL - 
    select
        u1_0.id,
        u1_0.created_at,
        u1_0.email,
        u1_0.first_name,
        u1_0.is_active,
        u1_0.last_login_time,
        u1_0.last_name,
        u1_0.password,
        u1_0.phone_number,
        u1_0.updated_at,
        u1_0.username 
    from
        users u1_0 
    where
        u1_0.email=?
2026-08-10 16:06:09 [INFO] c.t.serviceimpl.OTPServiceImpl - Generating OTP for user: suman
2026-08-10 16:06:09 [DEBUG] org.hibernate.SQL - 
    select
        o1_0.id,
        o1_0.code,
        o1_0.created_at,
        o1_0.expiry_date,
        o1_0.is_used,
        o1_0.used_at,
        o1_0.user_id 
    from
        otp o1_0 
    where
        o1_0.user_id=?
2026-08-10 16:06:09 [WARN] o.s.w.s.m.m.a.ExceptionHandlerExceptionResolver - Resolved [org.springframework.dao.InvalidDataAccessApiUsageException: No EntityManager with actual transaction available for current thread - cannot reliably process 'remove' call]
2026-08-10 16:09:46 [INFO] o.s.b.a.SpringApplicationAdminMXBeanRegistrar$SpringApplicationAdmin - Application shutdown requested.
2026-08-10 16:09:46 [INFO] o.s.b.w.e.tomcat.GracefulShutdown - Commencing graceful shutdown. Waiting for active requests to complete
2026-08-10 16:09:46 [INFO] o.s.b.w.e.tomcat.GracefulShutdown - Graceful shutdown complete
2026-08-10 16:09:46 [INFO] o.s.o.j.LocalContainerEntityManagerFactoryBean - Closing JPA EntityManagerFactory for persistence unit 'default'
2026-08-10 16:09:46 [INFO] com.zaxxer.hikari.HikariDataSource - HikariPool-1 - Shutdown initiated...
2026-08-10 16:09:46 [INFO] com.zaxxer.hikari.HikariDataSource - HikariPool-1 - Shutdown completed.
2026-08-10 16:12:57 [INFO] com.techpalle.Application - Starting Application using Java 21.0.8 with PID 29896 (R:\Workspace_Project\project_Task\01-EnterpriseIdentityAccessManagement\target\classes started by rahul in R:\Workspace_Project\project_Task\01-EnterpriseIdentityAccessManagement)
2026-08-10 16:12:57 [DEBUG] com.techpalle.Application - Running with Spring Boot v3.5.16, Spring v6.2.19
2026-08-10 16:12:57 [INFO] com.techpalle.Application - No active profile set, falling back to 1 default profile: "default"
2026-08-10 16:12:57 [INFO] o.s.b.d.e.DevToolsPropertyDefaultsPostProcessor - Devtools property defaults active! Set 'spring.devtools.add-properties' to 'false' to disable
2026-08-10 16:12:57 [INFO] o.s.b.d.e.DevToolsPropertyDefaultsPostProcessor - For additional web related logging consider setting the 'logging.level.web' property to 'DEBUG'
2026-08-10 16:12:58 [INFO] o.s.d.r.c.RepositoryConfigurationDelegate - Bootstrapping Spring Data JPA repositories in DEFAULT mode.
2026-08-10 16:12:58 [INFO] o.s.d.r.c.RepositoryConfigurationDelegate - Finished Spring Data repository scanning in 75 ms. Found 7 JPA repository interfaces.
2026-08-10 16:12:59 [INFO] o.s.b.w.e.tomcat.TomcatWebServer - Tomcat initialized with port 9090 (http)
2026-08-10 16:12:59 [INFO] o.a.catalina.core.StandardService - Starting service [Tomcat]
2026-08-10 16:12:59 [INFO] o.a.catalina.core.StandardEngine - Starting Servlet engine: [Apache Tomcat/10.1.55]
2026-08-10 16:12:59 [INFO] o.a.c.c.C.[Tomcat].[localhost].[/] - Initializing Spring embedded WebApplicationContext
2026-08-10 16:12:59 [INFO] o.s.b.w.s.c.ServletWebServerApplicationContext - Root WebApplicationContext: initialization completed in 2035 ms
2026-08-10 16:12:59 [INFO] com.zaxxer.hikari.HikariDataSource - HikariPool-1 - Starting...
2026-08-10 16:12:59 [INFO] com.zaxxer.hikari.pool.HikariPool - HikariPool-1 - Added connection org.postgresql.jdbc.PgConnection@e60d875
2026-08-10 16:12:59 [INFO] com.zaxxer.hikari.HikariDataSource - HikariPool-1 - Start completed.
2026-08-10 16:12:59 [INFO] org.flywaydb.core.FlywayExecutor - Database: jdbc:postgresql://localhost:5432/EnterpriseIdentityAccessManagement (PostgreSQL 18.4)
2026-08-10 16:12:59 [WARN] o.f.c.i.database.base.Database - Flyway upgrade recommended: PostgreSQL 18.4 is newer than this version of Flyway and support has not been tested. The latest supported version of PostgreSQL is 17.
2026-08-10 16:12:59 [INFO] o.f.core.internal.command.DbValidate - Successfully validated 0 migrations (execution time 00:00.021s)
2026-08-10 16:12:59 [WARN] o.f.core.internal.command.DbValidate - No migrations found. Are your locations set up correctly?
2026-08-10 16:13:00 [INFO] o.f.core.internal.command.DbMigrate - Current version of schema "public": << Empty Schema >>
2026-08-10 16:13:00 [INFO] o.f.core.internal.command.DbMigrate - Schema "public" is up to date. No migration necessary.
2026-08-10 16:13:00 [INFO] o.h.jpa.internal.util.LogHelper - HHH000204: Processing PersistenceUnitInfo [name: default]
2026-08-10 16:13:00 [INFO] org.hibernate.Version - HHH000412: Hibernate ORM core version 6.6.53.Final
2026-08-10 16:13:00 [INFO] o.h.c.i.RegionFactoryInitiator - HHH000026: Second-level cache disabled
2026-08-10 16:13:00 [INFO] o.s.o.j.p.SpringPersistenceUnitInfo - No LoadTimeWeaver setup: ignoring JPA class transformer
2026-08-10 16:13:00 [INFO] o.hibernate.orm.connections.pooling - HHH10001005: Database info:
	Database JDBC URL [Connecting through datasource 'HikariDataSource (HikariPool-1)']
	Database driver: undefined/unknown
	Database version: 18.4
	Autocommit mode: undefined/unknown
	Isolation level: undefined/unknown
	Minimum pool size: undefined/unknown
	Maximum pool size: undefined/unknown
2026-08-10 16:13:02 [INFO] o.h.e.t.j.p.i.JtaPlatformInitiator - HHH000489: No JTA platform available (set 'hibernate.transaction.jta.platform' to enable JTA platform integration)
2026-08-10 16:13:02 [INFO] o.s.o.j.LocalContainerEntityManagerFactoryBean - Initialized JPA EntityManagerFactory for persistence unit 'default'
2026-08-10 16:13:02 [DEBUG] c.t.security.JwtAuthenticationFilter - Filter 'jwtAuthenticationFilter' configured for use
2026-08-10 16:13:02 [INFO] o.s.s.c.a.a.c.InitializeUserDetailsBeanManagerConfigurer$InitializeUserDetailsManagerConfigurer - Global AuthenticationManager configured with UserDetailsService bean with name customUserDetailsService
2026-08-10 16:13:03 [WARN] o.s.b.a.o.j.JpaBaseConfiguration$JpaWebConfiguration - spring.jpa.open-in-view is enabled by default. Therefore, database queries may be performed during view rendering. Explicitly configure spring.jpa.open-in-view to disable this warning
2026-08-10 16:13:03 [INFO] o.s.b.d.a.OptionalLiveReloadServer - LiveReload server is running on port 35729
2026-08-10 16:13:03 [INFO] o.s.b.w.e.tomcat.TomcatWebServer - Tomcat started on port 9090 (http) with context path '/'
2026-08-10 16:13:03 [INFO] com.techpalle.Application - Started Application in 7.172 seconds (process running for 8.008)
2026-08-10 16:13:30 [INFO] o.a.c.c.C.[Tomcat].[localhost].[/] - Initializing Spring DispatcherServlet 'dispatcherServlet'
2026-08-10 16:13:30 [INFO] o.s.web.servlet.DispatcherServlet - Initializing Servlet 'dispatcherServlet'
2026-08-10 16:13:30 [INFO] o.s.web.servlet.DispatcherServlet - Completed initialization in 2 ms
2026-08-10 16:13:30 [INFO] c.t.controller.AuthController - Received forgot password request for email: suman@gmail.com
2026-08-10 16:13:30 [INFO] c.t.serviceimpl.AuthServiceImpl - Forgot password request received for email: suman@gmail.com
2026-08-10 16:13:31 [DEBUG] org.hibernate.SQL - 
    select
        u1_0.id,
        u1_0.created_at,
        u1_0.email,
        u1_0.first_name,
        u1_0.is_active,
        u1_0.last_login_time,
        u1_0.last_name,
        u1_0.password,
        u1_0.phone_number,
        u1_0.updated_at,
        u1_0.username 
    from
        users u1_0 
    where
        u1_0.email=?
2026-08-10 16:13:31 [INFO] c.t.serviceimpl.OTPServiceImpl - Generating OTP for user: suman
2026-08-10 16:13:31 [DEBUG] org.hibernate.SQL - 
    select
        o1_0.id,
        o1_0.code,
        o1_0.created_at,
        o1_0.expiry_date,
        o1_0.is_used,
        o1_0.used_at,
        o1_0.user_id 
    from
        otp o1_0 
    where
        o1_0.user_id=?
2026-08-10 16:13:31 [DEBUG] org.hibernate.SQL - 
    insert 
    into
        otp
        (code, created_at, expiry_date, is_used, used_at, user_id) 
    values
        (?, ?, ?, ?, ?, ?)
2026-08-10 16:13:31 [INFO] c.t.serviceimpl.OTPServiceImpl - OTP generated successfully for user: suman
2026-08-10 16:13:31 [DEBUG] org.hibernate.SQL - 
    delete 
    from
        otp 
    where
        id=?
2026-08-10 16:13:31 [INFO] c.t.serviceimpl.AuditLogServiceImpl - Creating audit log - Action: FORGOT_PASSWORD, Entity: USER, EntityId: 2, Status: SUCCESS
2026-08-10 16:13:31 [DEBUG] org.hibernate.SQL - 
    insert 
    into
        audit_logs
        (action_type, audit_timestamp, entity_id, entity_type, ip_address, new_value, old_value, status, user_id, user_agent) 
    values
        (?, ?, ?, ?, ?, ?, ?, ?, ?, ?)
2026-08-10 16:13:31 [INFO] c.t.serviceimpl.AuditLogServiceImpl - Audit log saved successfully - Action: FORGOT_PASSWORD, EntityId: 2
2026-08-10 16:13:31 [INFO] c.t.serviceimpl.AuthServiceImpl - OTP generated successfully for email: suman@gmail.com
2026-08-10 16:14:53 [INFO] c.t.controller.AuthController - Received OTP verification request for email: suman@gmail.com
2026-08-10 16:14:53 [INFO] c.t.serviceimpl.AuthServiceImpl - Verifying OTP for email: suman@gmail.com
2026-08-10 16:14:53 [DEBUG] org.hibernate.SQL - 
    select
        u1_0.id,
        u1_0.created_at,
        u1_0.email,
        u1_0.first_name,
        u1_0.is_active,
        u1_0.last_login_time,
        u1_0.last_name,
        u1_0.password,
        u1_0.phone_number,
        u1_0.updated_at,
        u1_0.username 
    from
        users u1_0 
    where
        u1_0.email=?
2026-08-10 16:14:53 [INFO] c.t.serviceimpl.OTPServiceImpl - Validating OTP for user: suman
2026-08-10 16:14:53 [DEBUG] org.hibernate.SQL - 
    select
        o1_0.id,
        o1_0.code,
        o1_0.created_at,
        o1_0.expiry_date,
        o1_0.is_used,
        o1_0.used_at,
        o1_0.user_id 
    from
        otp o1_0 
    where
        o1_0.code=? 
        and o1_0.user_id=?
2026-08-10 16:14:53 [INFO] c.t.serviceimpl.OTPServiceImpl - OTP validated successfully for user: suman
2026-08-10 16:14:53 [INFO] c.t.serviceimpl.AuthServiceImpl - OTP verified successfully for email: suman@gmail.com
2026-08-10 16:16:07 [INFO] c.t.controller.AuthController - Received password reset request for email: suman@gmail.com
2026-08-10 16:16:07 [INFO] c.t.serviceimpl.AuthServiceImpl - Reset password request received for email: suman@gmail.com
2026-08-10 16:16:07 [DEBUG] org.hibernate.SQL - 
    select
        u1_0.id,
        u1_0.created_at,
        u1_0.email,
        u1_0.first_name,
        u1_0.is_active,
        u1_0.last_login_time,
        u1_0.last_name,
        u1_0.password,
        u1_0.phone_number,
        u1_0.updated_at,
        u1_0.username 
    from
        users u1_0 
    where
        u1_0.email=?
2026-08-10 16:16:07 [INFO] c.t.serviceimpl.OTPServiceImpl - Validating OTP for user: suman
2026-08-10 16:16:07 [DEBUG] org.hibernate.SQL - 
    select
        o1_0.id,
        o1_0.code,
        o1_0.created_at,
        o1_0.expiry_date,
        o1_0.is_used,
        o1_0.used_at,
        o1_0.user_id 
    from
        otp o1_0 
    where
        o1_0.code=? 
        and o1_0.user_id=?
2026-08-10 16:16:07 [INFO] c.t.serviceimpl.OTPServiceImpl - OTP validated successfully for user: suman
2026-08-10 16:16:07 [INFO] c.t.serviceimpl.OTPServiceImpl - Marking OTP as used. OTP Id: 4
2026-08-10 16:16:07 [INFO] c.t.serviceimpl.OTPServiceImpl - OTP marked as used successfully. OTP Id: 4
2026-08-10 16:16:07 [DEBUG] org.hibernate.SQL - 
    update
        otp 
    set
        code=?,
        expiry_date=?,
        is_used=?,
        used_at=?,
        user_id=? 
    where
        id=?
2026-08-10 16:16:08 [DEBUG] org.hibernate.SQL - 
    update
        users 
    set
        email=?,
        first_name=?,
        is_active=?,
        last_login_time=?,
        last_name=?,
        password=?,
        phone_number=?,
        updated_at=?,
        username=? 
    where
        id=?
2026-08-10 16:16:08 [INFO] c.t.serviceimpl.AuditLogServiceImpl - Creating audit log - Action: RESET_PASSWORD, Entity: USER, EntityId: 2, Status: SUCCESS
2026-08-10 16:16:08 [DEBUG] org.hibernate.SQL - 
    insert 
    into
        audit_logs
        (action_type, audit_timestamp, entity_id, entity_type, ip_address, new_value, old_value, status, user_id, user_agent) 
    values
        (?, ?, ?, ?, ?, ?, ?, ?, ?, ?)
2026-08-10 16:16:08 [INFO] c.t.serviceimpl.AuditLogServiceImpl - Audit log saved successfully - Action: RESET_PASSWORD, EntityId: 2
2026-08-10 16:16:08 [INFO] c.t.serviceimpl.AuthServiceImpl - Password reset completed successfully for user: suman
2026-08-10 16:43:02 [INFO] o.s.b.d.a.LocalDevToolsAutoConfiguration$RestartingClassPathChangeChangedEventListener - Restarting due to 1 class path change (0 additions, 0 deletions, 1 modification)
2026-08-10 16:43:02 [INFO] o.s.b.w.e.tomcat.GracefulShutdown - Commencing graceful shutdown. Waiting for active requests to complete
2026-08-10 16:43:02 [INFO] o.s.b.w.e.tomcat.GracefulShutdown - Graceful shutdown complete
2026-08-10 16:43:02 [INFO] o.s.o.j.LocalContainerEntityManagerFactoryBean - Closing JPA EntityManagerFactory for persistence unit 'default'
2026-08-10 16:43:02 [INFO] com.zaxxer.hikari.HikariDataSource - HikariPool-1 - Shutdown initiated...
2026-08-10 16:43:02 [INFO] com.zaxxer.hikari.HikariDataSource - HikariPool-1 - Shutdown completed.
2026-08-10 16:43:02 [INFO] com.techpalle.Application - Starting Application using Java 21.0.8 with PID 29896 (R:\Workspace_Project\project_Task\01-EnterpriseIdentityAccessManagement\target\classes started by rahul in R:\Workspace_Project\project_Task\01-EnterpriseIdentityAccessManagement)
2026-08-10 16:43:02 [DEBUG] com.techpalle.Application - Running with Spring Boot v3.5.16, Spring v6.2.19
2026-08-10 16:43:02 [INFO] com.techpalle.Application - No active profile set, falling back to 1 default profile: "default"
2026-08-10 16:43:03 [INFO] o.s.d.r.c.RepositoryConfigurationDelegate - Bootstrapping Spring Data JPA repositories in DEFAULT mode.
2026-08-10 16:43:03 [INFO] o.s.d.r.c.RepositoryConfigurationDelegate - Finished Spring Data repository scanning in 21 ms. Found 7 JPA repository interfaces.
2026-08-10 16:43:03 [INFO] o.s.b.w.e.tomcat.TomcatWebServer - Tomcat initialized with port 9090 (http)
2026-08-10 16:43:03 [INFO] o.a.catalina.core.StandardService - Starting service [Tomcat]
2026-08-10 16:43:03 [INFO] o.a.catalina.core.StandardEngine - Starting Servlet engine: [Apache Tomcat/10.1.55]
2026-08-10 16:43:03 [INFO] o.a.c.c.C.[Tomcat].[localhost].[/] - Initializing Spring embedded WebApplicationContext
2026-08-10 16:43:03 [INFO] o.s.b.w.s.c.ServletWebServerApplicationContext - Root WebApplicationContext: initialization completed in 442 ms
2026-08-10 16:43:03 [INFO] com.zaxxer.hikari.HikariDataSource - HikariPool-2 - Starting...
2026-08-10 16:43:03 [INFO] com.zaxxer.hikari.pool.HikariPool - HikariPool-2 - Added connection org.postgresql.jdbc.PgConnection@685231f7
2026-08-10 16:43:03 [INFO] com.zaxxer.hikari.HikariDataSource - HikariPool-2 - Start completed.
2026-08-10 16:43:03 [INFO] org.flywaydb.core.FlywayExecutor - Database: jdbc:postgresql://localhost:5432/EnterpriseIdentityAccessManagement (PostgreSQL 18.4)
2026-08-10 16:43:03 [WARN] o.f.c.i.database.base.Database - Flyway upgrade recommended: PostgreSQL 18.4 is newer than this version of Flyway and support has not been tested. The latest supported version of PostgreSQL is 17.
2026-08-10 16:43:03 [INFO] o.f.core.internal.command.DbValidate - Successfully validated 0 migrations (execution time 00:00.006s)
2026-08-10 16:43:03 [WARN] o.f.core.internal.command.DbValidate - No migrations found. Are your locations set up correctly?
2026-08-10 16:43:03 [INFO] o.f.core.internal.command.DbMigrate - Current version of schema "public": << Empty Schema >>
2026-08-10 16:43:03 [INFO] o.f.core.internal.command.DbMigrate - Schema "public" is up to date. No migration necessary.
2026-08-10 16:43:03 [INFO] o.h.jpa.internal.util.LogHelper - HHH000204: Processing PersistenceUnitInfo [name: default]
2026-08-10 16:43:03 [INFO] o.h.c.i.RegionFactoryInitiator - HHH000026: Second-level cache disabled
2026-08-10 16:43:03 [INFO] o.s.o.j.p.SpringPersistenceUnitInfo - No LoadTimeWeaver setup: ignoring JPA class transformer
2026-08-10 16:43:03 [INFO] o.hibernate.orm.connections.pooling - HHH10001005: Database info:
	Database JDBC URL [Connecting through datasource 'HikariDataSource (HikariPool-2)']
	Database driver: undefined/unknown
	Database version: 18.4
	Autocommit mode: undefined/unknown
	Isolation level: undefined/unknown
	Minimum pool size: undefined/unknown
	Maximum pool size: undefined/unknown
2026-08-10 16:43:03 [INFO] o.h.e.t.j.p.i.JtaPlatformInitiator - HHH000489: No JTA platform available (set 'hibernate.transaction.jta.platform' to enable JTA platform integration)
2026-08-10 16:43:03 [INFO] o.s.o.j.LocalContainerEntityManagerFactoryBean - Initialized JPA EntityManagerFactory for persistence unit 'default'
2026-08-10 16:43:03 [DEBUG] c.t.security.JwtAuthenticationFilter - Filter 'jwtAuthenticationFilter' configured for use
2026-08-10 16:43:03 [INFO] o.s.s.c.a.a.c.InitializeUserDetailsBeanManagerConfigurer$InitializeUserDetailsManagerConfigurer - Global AuthenticationManager configured with UserDetailsService bean with name customUserDetailsService
2026-08-10 16:43:04 [WARN] o.s.b.a.o.j.JpaBaseConfiguration$JpaWebConfiguration - spring.jpa.open-in-view is enabled by default. Therefore, database queries may be performed during view rendering. Explicitly configure spring.jpa.open-in-view to disable this warning
2026-08-10 16:43:04 [INFO] o.s.b.d.a.OptionalLiveReloadServer - LiveReload server is running on port 35729
2026-08-10 16:43:04 [INFO] o.s.b.w.e.tomcat.TomcatWebServer - Tomcat started on port 9090 (http) with context path '/'
2026-08-10 16:43:04 [INFO] com.techpalle.Application - Started Application in 1.523 seconds (process running for 1808.392)
2026-08-10 16:43:04 [INFO] o.s.b.d.a.ConditionEvaluationDeltaLoggingListener - Condition evaluation unchanged
2026-08-10 16:43:05 [INFO] o.s.b.a.SpringApplicationAdminMXBeanRegistrar$SpringApplicationAdmin - Application shutdown requested.
2026-08-10 16:43:05 [INFO] o.s.b.w.e.tomcat.GracefulShutdown - Commencing graceful shutdown. Waiting for active requests to complete
2026-08-10 16:43:05 [INFO] o.s.b.w.e.tomcat.GracefulShutdown - Graceful shutdown complete
2026-08-10 16:43:05 [INFO] o.s.o.j.LocalContainerEntityManagerFactoryBean - Closing JPA EntityManagerFactory for persistence unit 'default'
2026-08-10 16:43:05 [INFO] com.zaxxer.hikari.HikariDataSource - HikariPool-2 - Shutdown initiated...
2026-08-10 16:43:05 [INFO] com.zaxxer.hikari.HikariDataSource - HikariPool-2 - Shutdown completed.
2026-08-10 16:43:24 [INFO] com.techpalle.Application - Starting Application using Java 21.0.8 with PID 26776 (R:\Workspace_Project\project_Task\01-EnterpriseIdentityAccessManagement\target\classes started by rahul in R:\Workspace_Project\project_Task\01-EnterpriseIdentityAccessManagement)
2026-08-10 16:43:24 [DEBUG] com.techpalle.Application - Running with Spring Boot v3.5.16, Spring v6.2.19
2026-08-10 16:43:24 [INFO] com.techpalle.Application - No active profile set, falling back to 1 default profile: "default"
2026-08-10 16:43:24 [INFO] o.s.b.d.e.DevToolsPropertyDefaultsPostProcessor - Devtools property defaults active! Set 'spring.devtools.add-properties' to 'false' to disable
2026-08-10 16:43:24 [INFO] o.s.b.d.e.DevToolsPropertyDefaultsPostProcessor - For additional web related logging consider setting the 'logging.level.web' property to 'DEBUG'
2026-08-10 16:43:25 [INFO] o.s.d.r.c.RepositoryConfigurationDelegate - Bootstrapping Spring Data JPA repositories in DEFAULT mode.
2026-08-10 16:43:25 [INFO] o.s.d.r.c.RepositoryConfigurationDelegate - Finished Spring Data repository scanning in 57 ms. Found 7 JPA repository interfaces.
2026-08-10 16:43:26 [INFO] o.s.b.w.e.tomcat.TomcatWebServer - Tomcat initialized with port 9090 (http)
2026-08-10 16:43:26 [INFO] o.a.catalina.core.StandardService - Starting service [Tomcat]
2026-08-10 16:43:26 [INFO] o.a.catalina.core.StandardEngine - Starting Servlet engine: [Apache Tomcat/10.1.55]
2026-08-10 16:43:26 [INFO] o.a.c.c.C.[Tomcat].[localhost].[/] - Initializing Spring embedded WebApplicationContext
2026-08-10 16:43:26 [INFO] o.s.b.w.s.c.ServletWebServerApplicationContext - Root WebApplicationContext: initialization completed in 1571 ms
2026-08-10 16:43:26 [INFO] com.zaxxer.hikari.HikariDataSource - HikariPool-1 - Starting...
2026-08-10 16:43:26 [INFO] com.zaxxer.hikari.pool.HikariPool - HikariPool-1 - Added connection org.postgresql.jdbc.PgConnection@1043e184
2026-08-10 16:43:26 [INFO] com.zaxxer.hikari.HikariDataSource - HikariPool-1 - Start completed.
2026-08-10 16:43:26 [INFO] org.flywaydb.core.FlywayExecutor - Database: jdbc:postgresql://localhost:5432/EnterpriseIdentityAccessManagement (PostgreSQL 18.4)
2026-08-10 16:43:26 [WARN] o.f.c.i.database.base.Database - Flyway upgrade recommended: PostgreSQL 18.4 is newer than this version of Flyway and support has not been tested. The latest supported version of PostgreSQL is 17.
2026-08-10 16:43:26 [INFO] o.f.core.internal.command.DbValidate - Successfully validated 0 migrations (execution time 00:00.020s)
2026-08-10 16:43:26 [WARN] o.f.core.internal.command.DbValidate - No migrations found. Are your locations set up correctly?
2026-08-10 16:43:27 [INFO] o.f.core.internal.command.DbMigrate - Current version of schema "public": << Empty Schema >>
2026-08-10 16:43:27 [INFO] o.f.core.internal.command.DbMigrate - Schema "public" is up to date. No migration necessary.
2026-08-10 16:43:27 [INFO] o.h.jpa.internal.util.LogHelper - HHH000204: Processing PersistenceUnitInfo [name: default]
2026-08-10 16:43:27 [INFO] org.hibernate.Version - HHH000412: Hibernate ORM core version 6.6.53.Final
2026-08-10 16:43:27 [INFO] o.h.c.i.RegionFactoryInitiator - HHH000026: Second-level cache disabled
2026-08-10 16:43:27 [INFO] o.s.o.j.p.SpringPersistenceUnitInfo - No LoadTimeWeaver setup: ignoring JPA class transformer
2026-08-10 16:43:27 [INFO] o.hibernate.orm.connections.pooling - HHH10001005: Database info:
	Database JDBC URL [Connecting through datasource 'HikariDataSource (HikariPool-1)']
	Database driver: undefined/unknown
	Database version: 18.4
	Autocommit mode: undefined/unknown
	Isolation level: undefined/unknown
	Minimum pool size: undefined/unknown
	Maximum pool size: undefined/unknown
2026-08-10 16:43:28 [INFO] o.h.e.t.j.p.i.JtaPlatformInitiator - HHH000489: No JTA platform available (set 'hibernate.transaction.jta.platform' to enable JTA platform integration)
2026-08-10 16:43:28 [INFO] o.s.o.j.LocalContainerEntityManagerFactoryBean - Initialized JPA EntityManagerFactory for persistence unit 'default'
2026-08-10 16:43:28 [DEBUG] c.t.security.JwtAuthenticationFilter - Filter 'jwtAuthenticationFilter' configured for use
2026-08-10 16:43:28 [INFO] o.s.s.c.a.a.c.InitializeUserDetailsBeanManagerConfigurer$InitializeUserDetailsManagerConfigurer - Global AuthenticationManager configured with UserDetailsService bean with name customUserDetailsService
2026-08-10 16:43:29 [WARN] o.s.b.a.o.j.JpaBaseConfiguration$JpaWebConfiguration - spring.jpa.open-in-view is enabled by default. Therefore, database queries may be performed during view rendering. Explicitly configure spring.jpa.open-in-view to disable this warning
2026-08-10 16:43:29 [INFO] o.s.b.d.a.OptionalLiveReloadServer - LiveReload server is running on port 35729
2026-08-10 16:43:29 [INFO] o.s.b.w.e.tomcat.TomcatWebServer - Tomcat started on port 9090 (http) with context path '/'
2026-08-10 16:43:29 [INFO] com.techpalle.Application - Started Application in 5.292 seconds (process running for 5.905)
2026-08-10 16:43:46 [INFO] o.a.c.c.C.[Tomcat].[localhost].[/] - Initializing Spring DispatcherServlet 'dispatcherServlet'
2026-08-10 16:43:46 [INFO] o.s.web.servlet.DispatcherServlet - Initializing Servlet 'dispatcherServlet'
2026-08-10 16:43:46 [INFO] o.s.web.servlet.DispatcherServlet - Completed initialization in 4 ms
